[0.020s] Invoking command in '/home/ardra/ros2_tut/build/mycobot_description': CMAKE_PREFIX_PATH=${CMAKE_PREFIX_PATH}:/home/ardra/magician_ros2_ws/install/dobot_visualization_tools:/home/ardra/magician_ros2_ws/install/dobot_state_updater:/home/ardra/magician_ros2_ws/install/dobot_motion:/home/ardra/magician_ros2_ws/install/dobot_kinematics:/home/ardra/magician_ros2_ws/install/dobot_homing:/home/ardra/magician_ros2_ws/install/dobot_end_effector:/home/ardra/magician_ros2_ws/install/dobot_diagnostics:/home/ardra/magician_ros2_ws/install/dobot_demos:/home/ardra/magician_ros2_ws/install/dobot_control_panel:/home/ardra/magician_ros2_ws/install/dobot_bringup:/opt/ros/jazzy DEBUGINFOD_URLS=https://debuginfod.ubuntu.com /usr/bin/cmake --build /home/ardra/ros2_tut/build/mycobot_description -- -j16 -l16
[0.050s] -- Found ament_cmake: 2.5.6 (/opt/ros/jazzy/share/ament_cmake/cmake)
[0.252s] -- Found urdf_tutorial: 1.1.0 (/opt/ros/jazzy/share/urdf_tutorial/cmake)
[0.252s] -- Found ament_lint_auto: 0.17.5 (/opt/ros/jazzy/share/ament_lint_auto/cmake)
[0.343s] -- Added test 'lint_cmake' to check CMake code style
[0.345s] -- Added test 'xmllint' to check XML markup files
[0.346s] -- Configuring done (0.3s)
[0.354s] -- Generating done (0.0s)
[0.356s] -- Build files have been written to: /home/ardra/ros2_tut/build/mycobot_description
[0.372s] Invoked command in '/home/ardra/ros2_tut/build/mycobot_description' returned '0': CMAKE_PREFIX_PATH=${CMAKE_PREFIX_PATH}:/home/ardra/magician_ros2_ws/install/dobot_visualization_tools:/home/ardra/magician_ros2_ws/install/dobot_state_updater:/home/ardra/magician_ros2_ws/install/dobot_motion:/home/ardra/magician_ros2_ws/install/dobot_kinematics:/home/ardra/magician_ros2_ws/install/dobot_homing:/home/ardra/magician_ros2_ws/install/dobot_end_effector:/home/ardra/magician_ros2_ws/install/dobot_diagnostics:/home/ardra/magician_ros2_ws/install/dobot_demos:/home/ardra/magician_ros2_ws/install/dobot_control_panel:/home/ardra/magician_ros2_ws/install/dobot_bringup:/opt/ros/jazzy DEBUGINFOD_URLS=https://debuginfod.ubuntu.com /usr/bin/cmake --build /home/ardra/ros2_tut/build/mycobot_description -- -j16 -l16
[0.373s] Invoking command in '/home/ardra/ros2_tut/build/mycobot_description': CMAKE_PREFIX_PATH=${CMAKE_PREFIX_PATH}:/home/ardra/magician_ros2_ws/install/dobot_visualization_tools:/home/ardra/magician_ros2_ws/install/dobot_state_updater:/home/ardra/magician_ros2_ws/install/dobot_motion:/home/ardra/magician_ros2_ws/install/dobot_kinematics:/home/ardra/magician_ros2_ws/install/dobot_homing:/home/ardra/magician_ros2_ws/install/dobot_end_effector:/home/ardra/magician_ros2_ws/install/dobot_diagnostics:/home/ardra/magician_ros2_ws/install/dobot_demos:/home/ardra/magician_ros2_ws/install/dobot_control_panel:/home/ardra/magician_ros2_ws/install/dobot_bringup:/opt/ros/jazzy DEBUGINFOD_URLS=https://debuginfod.ubuntu.com /usr/bin/cmake --install /home/ardra/ros2_tut/build/mycobot_description
[0.378s] -- Install configuration: ""
[0.378s] -- Installing: /home/ardra/ros2_tut/install/mycobot_description/share/mycobot_description/launch
[0.378s] -- Installing: /home/ardra/ros2_tut/install/mycobot_description/share/mycobot_description/meshes
[0.379s] -- Installing: /home/ardra/ros2_tut/install/mycobot_description/share/mycobot_description/meshes/adaptive_gripper
[0.379s] -- Installing: /home/ardra/ros2_tut/install/mycobot_description/share/mycobot_description/meshes/adaptive_gripper/visual
[0.379s] -- Installing: /home/ardra/ros2_tut/install/mycobot_description/share/mycobot_description/meshes/adaptive_gripper/visual/gripper_right2.dae
[0.379s] -- Installing: /home/ardra/ros2_tut/install/mycobot_description/share/mycobot_description/meshes/adaptive_gripper/visual/gripper_left2.dae
[0.380s] -- Installing: /home/ardra/ros2_tut/install/mycobot_description/share/mycobot_description/meshes/adaptive_gripper/visual/gripper_right1.dae
[0.381s] -- Installing: /home/ardra/ros2_tut/install/mycobot_description/share/mycobot_description/meshes/adaptive_gripper/visual/gripper_right3.dae
[0.383s] -- Installing: /home/ardra/ros2_tut/install/mycobot_description/share/mycobot_description/meshes/adaptive_gripper/visual/gripper_left3.dae
[0.384s] -- Installing: /home/ardra/ros2_tut/install/mycobot_description/share/mycobot_description/meshes/adaptive_gripper/visual/gripper_left1.dae
[0.385s] -- Installing: /home/ardra/ros2_tut/install/mycobot_description/share/mycobot_description/meshes/adaptive_gripper/visual/gripper_base.dae
[0.388s] -- Installing: /home/ardra/ros2_tut/install/mycobot_description/share/mycobot_description/meshes/d435
[0.388s] -- Installing: /home/ardra/ros2_tut/install/mycobot_description/share/mycobot_description/meshes/d435/visual
[0.388s] -- Installing: /home/ardra/ros2_tut/install/mycobot_description/share/mycobot_description/meshes/d435/visual/d435.stl
[0.397s] -- Installing: /home/ardra/ros2_tut/install/mycobot_description/share/mycobot_description/meshes/g_shape_base_v2_0
[0.397s] -- Installing: /home/ardra/ros2_tut/install/mycobot_description/share/mycobot_description/meshes/g_shape_base_v2_0/visual
[0.397s] -- Installing: /home/ardra/ros2_tut/install/mycobot_description/share/mycobot_description/meshes/g_shape_base_v2_0/visual/base_link.dae
[0.402s] -- Installing: /home/ardra/ros2_tut/install/mycobot_description/share/mycobot_description/meshes/mycobot_280
[0.402s] -- Installing: /home/ardra/ros2_tut/install/mycobot_description/share/mycobot_description/meshes/mycobot_280/visual
[0.402s] -- Installing: /home/ardra/ros2_tut/install/mycobot_description/share/mycobot_description/meshes/mycobot_280/visual/link5.png
[0.403s] -- Installing: /home/ardra/ros2_tut/install/mycobot_description/share/mycobot_description/meshes/mycobot_280/visual/link7.png
[0.403s] -- Installing: /home/ardra/ros2_tut/install/mycobot_description/share/mycobot_description/meshes/mycobot_280/visual/link4.dae
[0.406s] -- Installing: /home/ardra/ros2_tut/install/mycobot_description/share/mycobot_description/meshes/mycobot_280/visual/link3.dae
[0.409s] -- Installing: /home/ardra/ros2_tut/install/mycobot_description/share/mycobot_description/meshes/mycobot_280/visual/link1.png
[0.410s] -- Installing: /home/ardra/ros2_tut/install/mycobot_description/share/mycobot_description/meshes/mycobot_280/visual/link6.png
[0.410s] -- Installing: /home/ardra/ros2_tut/install/mycobot_description/share/mycobot_description/meshes/mycobot_280/visual/link2.dae
[0.413s] -- Installing: /home/ardra/ros2_tut/install/mycobot_description/share/mycobot_description/meshes/mycobot_280/visual/link3.png
[0.413s] -- Installing: /home/ardra/ros2_tut/install/mycobot_description/share/mycobot_description/meshes/mycobot_280/visual/link4.png
[0.413s] -- Installing: /home/ardra/ros2_tut/install/mycobot_description/share/mycobot_description/meshes/mycobot_280/visual/link6.dae
[0.416s] -- Installing: /home/ardra/ros2_tut/install/mycobot_description/share/mycobot_description/meshes/mycobot_280/visual/link1.dae
[0.422s] -- Installing: /home/ardra/ros2_tut/install/mycobot_description/share/mycobot_description/meshes/mycobot_280/visual/suit_env.dae
[0.431s] -- Installing: /home/ardra/ros2_tut/install/mycobot_description/share/mycobot_description/meshes/mycobot_280/visual/link5.dae
[0.434s] -- Installing: /home/ardra/ros2_tut/install/mycobot_description/share/mycobot_description/meshes/mycobot_280/visual/link2.png
[0.434s] -- Installing: /home/ardra/ros2_tut/install/mycobot_description/share/mycobot_description/meshes/mycobot_280/visual/link7.dae
[0.439s] -- Installing: /home/ardra/ros2_tut/install/mycobot_description/share/mycobot_description/urdf
[0.439s] -- Installing: /home/ardra/ros2_tut/install/mycobot_description/share/mycobot_description/urdf/control
[0.439s] -- Installing: /home/ardra/ros2_tut/install/mycobot_description/share/mycobot_description/urdf/sensors
[0.439s] -- Installing: /home/ardra/ros2_tut/install/mycobot_description/share/mycobot_description/urdf/robots
[0.439s] -- Installing: /home/ardra/ros2_tut/install/mycobot_description/share/mycobot_description/urdf/mech
[0.439s] -- Installing: /home/ardra/ros2_tut/install/mycobot_description/share/mycobot_description/rviz
[0.439s] -- Installing: /home/ardra/ros2_tut/install/mycobot_description/share/ament_index/resource_index/package_run_dependencies/mycobot_description
[0.439s] -- Installing: /home/ardra/ros2_tut/install/mycobot_description/share/ament_index/resource_index/parent_prefix_path/mycobot_description
[0.439s] -- Up-to-date: /home/ardra/ros2_tut/install/mycobot_description/share/mycobot_description/environment/ament_prefix_path.sh
[0.439s] -- Up-to-date: /home/ardra/ros2_tut/install/mycobot_description/share/mycobot_description/environment/ament_prefix_path.dsv
[0.439s] -- Up-to-date: /home/ardra/ros2_tut/install/mycobot_description/share/mycobot_description/environment/path.sh
[0.439s] -- Up-to-date: /home/ardra/ros2_tut/install/mycobot_description/share/mycobot_description/environment/path.dsv
[0.439s] -- Up-to-date: /home/ardra/ros2_tut/install/mycobot_description/share/mycobot_description/local_setup.bash
[0.439s] -- Up-to-date: /home/ardra/ros2_tut/install/mycobot_description/share/mycobot_description/local_setup.sh
[0.439s] -- Up-to-date: /home/ardra/ros2_tut/install/mycobot_description/share/mycobot_description/local_setup.zsh
[0.439s] -- Up-to-date: /home/ardra/ros2_tut/install/mycobot_description/share/mycobot_description/local_setup.dsv
[0.440s] -- Up-to-date: /home/ardra/ros2_tut/install/mycobot_description/share/mycobot_description/package.dsv
[0.440s] -- Up-to-date: /home/ardra/ros2_tut/install/mycobot_description/share/ament_index/resource_index/packages/mycobot_description
[0.440s] -- Up-to-date: /home/ardra/ros2_tut/install/mycobot_description/share/mycobot_description/cmake/mycobot_descriptionConfig.cmake
[0.440s] -- Up-to-date: /home/ardra/ros2_tut/install/mycobot_description/share/mycobot_description/cmake/mycobot_descriptionConfig-version.cmake
[0.440s] -- Installing: /home/ardra/ros2_tut/install/mycobot_description/share/mycobot_description/package.xml
[0.440s] Invoked command in '/home/ardra/ros2_tut/build/mycobot_description' returned '0': CMAKE_PREFIX_PATH=${CMAKE_PREFIX_PATH}:/home/ardra/magician_ros2_ws/install/dobot_visualization_tools:/home/ardra/magician_ros2_ws/install/dobot_state_updater:/home/ardra/magician_ros2_ws/install/dobot_motion:/home/ardra/magician_ros2_ws/install/dobot_kinematics:/home/ardra/magician_ros2_ws/install/dobot_homing:/home/ardra/magician_ros2_ws/install/dobot_end_effector:/home/ardra/magician_ros2_ws/install/dobot_diagnostics:/home/ardra/magician_ros2_ws/install/dobot_demos:/home/ardra/magician_ros2_ws/install/dobot_control_panel:/home/ardra/magician_ros2_ws/install/dobot_bringup:/opt/ros/jazzy DEBUGINFOD_URLS=https://debuginfod.ubuntu.com /usr/bin/cmake --install /home/ardra/ros2_tut/build/mycobot_description
