[0.015s] Invoking command in '/home/ardra/ros2_tut/build/ros2_fundementals_examples': CMAKE_PREFIX_PATH=${CMAKE_PREFIX_PATH}:/home/ardra/magician_ros2_ws/install/dobot_visualization_tools:/home/ardra/magician_ros2_ws/install/dobot_state_updater:/home/ardra/magician_ros2_ws/install/dobot_motion:/home/ardra/magician_ros2_ws/install/dobot_kinematics:/home/ardra/magician_ros2_ws/install/dobot_homing:/home/ardra/magician_ros2_ws/install/dobot_end_effector:/home/ardra/magician_ros2_ws/install/dobot_diagnostics:/home/ardra/magician_ros2_ws/install/dobot_demos:/home/ardra/magician_ros2_ws/install/dobot_control_panel:/home/ardra/magician_ros2_ws/install/dobot_bringup:/opt/ros/jazzy DEBUGINFOD_URLS=https://debuginfod.ubuntu.com /usr/bin/cmake --build /home/ardra/ros2_tut/build/ros2_fundementals_examples -- -j16 -l16
[0.054s] [ 40%] Built target gtest_main
[0.054s] [ 40%] Built target gtest
[0.055s] [ 60%] Built target cpp_minimal_publisher
[0.055s] [ 80%] Built target cpp_minimal_subscriber
[0.077s] [100%] Built target cpp_minimal_publisher_test
[0.088s] Invoked command in '/home/ardra/ros2_tut/build/ros2_fundementals_examples' returned '0': CMAKE_PREFIX_PATH=${CMAKE_PREFIX_PATH}:/home/ardra/magician_ros2_ws/install/dobot_visualization_tools:/home/ardra/magician_ros2_ws/install/dobot_state_updater:/home/ardra/magician_ros2_ws/install/dobot_motion:/home/ardra/magician_ros2_ws/install/dobot_kinematics:/home/ardra/magician_ros2_ws/install/dobot_homing:/home/ardra/magician_ros2_ws/install/dobot_end_effector:/home/ardra/magician_ros2_ws/install/dobot_diagnostics:/home/ardra/magician_ros2_ws/install/dobot_demos:/home/ardra/magician_ros2_ws/install/dobot_control_panel:/home/ardra/magician_ros2_ws/install/dobot_bringup:/opt/ros/jazzy DEBUGINFOD_URLS=https://debuginfod.ubuntu.com /usr/bin/cmake --build /home/ardra/ros2_tut/build/ros2_fundementals_examples -- -j16 -l16
[0.089s] Invoking command in '/home/ardra/ros2_tut/build/ros2_fundementals_examples': CMAKE_PREFIX_PATH=${CMAKE_PREFIX_PATH}:/home/ardra/magician_ros2_ws/install/dobot_visualization_tools:/home/ardra/magician_ros2_ws/install/dobot_state_updater:/home/ardra/magician_ros2_ws/install/dobot_motion:/home/ardra/magician_ros2_ws/install/dobot_kinematics:/home/ardra/magician_ros2_ws/install/dobot_homing:/home/ardra/magician_ros2_ws/install/dobot_end_effector:/home/ardra/magician_ros2_ws/install/dobot_diagnostics:/home/ardra/magician_ros2_ws/install/dobot_demos:/home/ardra/magician_ros2_ws/install/dobot_control_panel:/home/ardra/magician_ros2_ws/install/dobot_bringup:/opt/ros/jazzy DEBUGINFOD_URLS=https://debuginfod.ubuntu.com /usr/bin/cmake --install /home/ardra/ros2_tut/build/ros2_fundementals_examples
[0.097s] -- Install configuration: ""
[0.097s] -- Up-to-date: /home/ardra/ros2_tut/install/ros2_fundementals_examples/include
[0.097s] -- Up-to-date: /home/ardra/ros2_tut/install/ros2_fundementals_examples/include/ros2_fundementals_examples
[0.097s] -- Up-to-date: /home/ardra/ros2_tut/install/ros2_fundementals_examples/lib/ros2_fundementals_examples/cpp_minimal_publisher
[0.097s] -- Up-to-date: /home/ardra/ros2_tut/install/ros2_fundementals_examples/lib/ros2_fundementals_examples/cpp_minimal_subscriber
[0.098s] -- Up-to-date: /home/ardra/ros2_tut/install/ros2_fundementals_examples/share/ament_index/resource_index/package_run_dependencies/ros2_fundementals_examples
[0.098s] -- Up-to-date: /home/ardra/ros2_tut/install/ros2_fundementals_examples/share/ament_index/resource_index/parent_prefix_path/ros2_fundementals_examples
[0.098s] -- Up-to-date: /home/ardra/ros2_tut/install/ros2_fundementals_examples/share/ros2_fundementals_examples/environment/ament_prefix_path.sh
[0.098s] -- Up-to-date: /home/ardra/ros2_tut/install/ros2_fundementals_examples/share/ros2_fundementals_examples/environment/ament_prefix_path.dsv
[0.098s] -- Up-to-date: /home/ardra/ros2_tut/install/ros2_fundementals_examples/share/ros2_fundementals_examples/environment/path.sh
[0.098s] -- Up-to-date: /home/ardra/ros2_tut/install/ros2_fundementals_examples/share/ros2_fundementals_examples/environment/path.dsv
[0.098s] -- Up-to-date: /home/ardra/ros2_tut/install/ros2_fundementals_examples/share/ros2_fundementals_examples/local_setup.bash
[0.098s] -- Up-to-date: /home/ardra/ros2_tut/install/ros2_fundementals_examples/share/ros2_fundementals_examples/local_setup.sh
[0.098s] -- Up-to-date: /home/ardra/ros2_tut/install/ros2_fundementals_examples/share/ros2_fundementals_examples/local_setup.zsh
[0.099s] -- Up-to-date: /home/ardra/ros2_tut/install/ros2_fundementals_examples/share/ros2_fundementals_examples/local_setup.dsv
[0.099s] -- Installing: /home/ardra/ros2_tut/install/ros2_fundementals_examples/share/ros2_fundementals_examples/package.dsv
[0.099s] -- Up-to-date: /home/ardra/ros2_tut/install/ros2_fundementals_examples/share/ament_index/resource_index/packages/ros2_fundementals_examples
[0.099s] -- Up-to-date: /home/ardra/ros2_tut/install/ros2_fundementals_examples/share/ros2_fundementals_examples/cmake/ament_cmake_export_include_directories-extras.cmake
[0.099s] -- Up-to-date: /home/ardra/ros2_tut/install/ros2_fundementals_examples/share/ros2_fundementals_examples/cmake/ros2_fundementals_examplesConfig.cmake
[0.099s] -- Up-to-date: /home/ardra/ros2_tut/install/ros2_fundementals_examples/share/ros2_fundementals_examples/cmake/ros2_fundementals_examplesConfig-version.cmake
[0.099s] -- Up-to-date: /home/ardra/ros2_tut/install/ros2_fundementals_examples/share/ros2_fundementals_examples/package.xml
[0.101s] Invoked command in '/home/ardra/ros2_tut/build/ros2_fundementals_examples' returned '0': CMAKE_PREFIX_PATH=${CMAKE_PREFIX_PATH}:/home/ardra/magician_ros2_ws/install/dobot_visualization_tools:/home/ardra/magician_ros2_ws/install/dobot_state_updater:/home/ardra/magician_ros2_ws/install/dobot_motion:/home/ardra/magician_ros2_ws/install/dobot_kinematics:/home/ardra/magician_ros2_ws/install/dobot_homing:/home/ardra/magician_ros2_ws/install/dobot_end_effector:/home/ardra/magician_ros2_ws/install/dobot_diagnostics:/home/ardra/magician_ros2_ws/install/dobot_demos:/home/ardra/magician_ros2_ws/install/dobot_control_panel:/home/ardra/magician_ros2_ws/install/dobot_bringup:/opt/ros/jazzy DEBUGINFOD_URLS=https://debuginfod.ubuntu.com /usr/bin/cmake --install /home/ardra/ros2_tut/build/ros2_fundementals_examples
