[0.008s] Invoking command in '/home/ardra/ros2_tut/build/ros2_fundementals_examples': CMAKE_PREFIX_PATH=${CMAKE_PREFIX_PATH}:/home/ardra/magician_ros2_ws/install/dobot_visualization_tools:/home/ardra/magician_ros2_ws/install/dobot_state_updater:/home/ardra/magician_ros2_ws/install/dobot_motion:/home/ardra/magician_ros2_ws/install/dobot_kinematics:/home/ardra/magician_ros2_ws/install/dobot_homing:/home/ardra/magician_ros2_ws/install/dobot_end_effector:/home/ardra/magician_ros2_ws/install/dobot_diagnostics:/home/ardra/magician_ros2_ws/install/dobot_demos:/home/ardra/magician_ros2_ws/install/dobot_control_panel:/home/ardra/magician_ros2_ws/install/dobot_bringup:/opt/ros/jazzy DEBUGINFOD_URLS=https://debuginfod.ubuntu.com /usr/bin/cmake /home/ardra/ros2_tut/src/ros2_fundementals_examples -DCMAKE_INSTALL_PREFIX=/home/ardra/ros2_tut/install/ros2_fundementals_examples
[0.091s] -- The C compiler identification is GNU 13.3.0
[0.136s] -- The CXX compiler identification is GNU 13.3.0
[0.150s] -- Detecting C compiler ABI info
[0.223s] -- Detecting C compiler ABI info - done
[0.231s] -- Check for working C compiler: /usr/bin/cc - skipped
[0.231s] -- Detecting C compile features
[0.231s] -- Detecting C compile features - done
[0.238s] -- Detecting CXX compiler ABI info
[0.311s] -- Detecting CXX compiler ABI info - done
[0.318s] -- Check for working CXX compiler: /usr/bin/c++ - skipped
[0.318s] -- Detecting CXX compile features
[0.318s] -- Detecting CXX compile features - done
[0.326s] -- Found ament_cmake: 2.5.6 (/opt/ros/jazzy/share/ament_cmake/cmake)
[0.465s] -- Found Python3: /usr/bin/python3 (found version "3.12.3") found components: Interpreter 
[0.582s] -- Found ament_lint_auto: 0.17.5 (/opt/ros/jazzy/share/ament_lint_auto/cmake)
[0.684s] -- Added test 'lint_cmake' to check CMake code style
[0.685s] -- Added test 'xmllint' to check XML markup files
[0.687s] -- Configuring done (0.7s)
[0.689s] -- Generating done (0.0s)
[0.691s] -- Build files have been written to: /home/ardra/ros2_tut/build/ros2_fundementals_examples
[0.696s] Invoked command in '/home/ardra/ros2_tut/build/ros2_fundementals_examples' returned '0': CMAKE_PREFIX_PATH=${CMAKE_PREFIX_PATH}:/home/ardra/magician_ros2_ws/install/dobot_visualization_tools:/home/ardra/magician_ros2_ws/install/dobot_state_updater:/home/ardra/magician_ros2_ws/install/dobot_motion:/home/ardra/magician_ros2_ws/install/dobot_kinematics:/home/ardra/magician_ros2_ws/install/dobot_homing:/home/ardra/magician_ros2_ws/install/dobot_end_effector:/home/ardra/magician_ros2_ws/install/dobot_diagnostics:/home/ardra/magician_ros2_ws/install/dobot_demos:/home/ardra/magician_ros2_ws/install/dobot_control_panel:/home/ardra/magician_ros2_ws/install/dobot_bringup:/opt/ros/jazzy DEBUGINFOD_URLS=https://debuginfod.ubuntu.com /usr/bin/cmake /home/ardra/ros2_tut/src/ros2_fundementals_examples -DCMAKE_INSTALL_PREFIX=/home/ardra/ros2_tut/install/ros2_fundementals_examples
[0.697s] Invoking command in '/home/ardra/ros2_tut/build/ros2_fundementals_examples': CMAKE_PREFIX_PATH=${CMAKE_PREFIX_PATH}:/home/ardra/magician_ros2_ws/install/dobot_visualization_tools:/home/ardra/magician_ros2_ws/install/dobot_state_updater:/home/ardra/magician_ros2_ws/install/dobot_motion:/home/ardra/magician_ros2_ws/install/dobot_kinematics:/home/ardra/magician_ros2_ws/install/dobot_homing:/home/ardra/magician_ros2_ws/install/dobot_end_effector:/home/ardra/magician_ros2_ws/install/dobot_diagnostics:/home/ardra/magician_ros2_ws/install/dobot_demos:/home/ardra/magician_ros2_ws/install/dobot_control_panel:/home/ardra/magician_ros2_ws/install/dobot_bringup:/opt/ros/jazzy DEBUGINFOD_URLS=https://debuginfod.ubuntu.com /usr/bin/cmake --build /home/ardra/ros2_tut/build/ros2_fundementals_examples -- -j16 -l16
[0.734s] Invoked command in '/home/ardra/ros2_tut/build/ros2_fundementals_examples' returned '0': CMAKE_PREFIX_PATH=${CMAKE_PREFIX_PATH}:/home/ardra/magician_ros2_ws/install/dobot_visualization_tools:/home/ardra/magician_ros2_ws/install/dobot_state_updater:/home/ardra/magician_ros2_ws/install/dobot_motion:/home/ardra/magician_ros2_ws/install/dobot_kinematics:/home/ardra/magician_ros2_ws/install/dobot_homing:/home/ardra/magician_ros2_ws/install/dobot_end_effector:/home/ardra/magician_ros2_ws/install/dobot_diagnostics:/home/ardra/magician_ros2_ws/install/dobot_demos:/home/ardra/magician_ros2_ws/install/dobot_control_panel:/home/ardra/magician_ros2_ws/install/dobot_bringup:/opt/ros/jazzy DEBUGINFOD_URLS=https://debuginfod.ubuntu.com /usr/bin/cmake --build /home/ardra/ros2_tut/build/ros2_fundementals_examples -- -j16 -l16
[0.735s] Invoking command in '/home/ardra/ros2_tut/build/ros2_fundementals_examples': CMAKE_PREFIX_PATH=${CMAKE_PREFIX_PATH}:/home/ardra/magician_ros2_ws/install/dobot_visualization_tools:/home/ardra/magician_ros2_ws/install/dobot_state_updater:/home/ardra/magician_ros2_ws/install/dobot_motion:/home/ardra/magician_ros2_ws/install/dobot_kinematics:/home/ardra/magician_ros2_ws/install/dobot_homing:/home/ardra/magician_ros2_ws/install/dobot_end_effector:/home/ardra/magician_ros2_ws/install/dobot_diagnostics:/home/ardra/magician_ros2_ws/install/dobot_demos:/home/ardra/magician_ros2_ws/install/dobot_control_panel:/home/ardra/magician_ros2_ws/install/dobot_bringup:/opt/ros/jazzy DEBUGINFOD_URLS=https://debuginfod.ubuntu.com /usr/bin/cmake --install /home/ardra/ros2_tut/build/ros2_fundementals_examples
[0.742s] -- Install configuration: ""
[0.742s] -- Installing: /home/ardra/ros2_tut/install/ros2_fundementals_examples/share/ament_index/resource_index/package_run_dependencies/ros2_fundementals_examples
[0.742s] -- Installing: /home/ardra/ros2_tut/install/ros2_fundementals_examples/share/ament_index/resource_index/parent_prefix_path/ros2_fundementals_examples
[0.742s] -- Installing: /home/ardra/ros2_tut/install/ros2_fundementals_examples/share/ros2_fundementals_examples/environment/ament_prefix_path.sh
[0.742s] -- Installing: /home/ardra/ros2_tut/install/ros2_fundementals_examples/share/ros2_fundementals_examples/environment/ament_prefix_path.dsv
[0.743s] -- Installing: /home/ardra/ros2_tut/install/ros2_fundementals_examples/share/ros2_fundementals_examples/environment/path.sh
[0.743s] -- Installing: /home/ardra/ros2_tut/install/ros2_fundementals_examples/share/ros2_fundementals_examples/environment/path.dsv
[0.743s] -- Installing: /home/ardra/ros2_tut/install/ros2_fundementals_examples/share/ros2_fundementals_examples/local_setup.bash
[0.743s] -- Installing: /home/ardra/ros2_tut/install/ros2_fundementals_examples/share/ros2_fundementals_examples/local_setup.sh
[0.743s] -- Installing: /home/ardra/ros2_tut/install/ros2_fundementals_examples/share/ros2_fundementals_examples/local_setup.zsh
[0.743s] -- Installing: /home/ardra/ros2_tut/install/ros2_fundementals_examples/share/ros2_fundementals_examples/local_setup.dsv
[0.743s] -- Installing: /home/ardra/ros2_tut/install/ros2_fundementals_examples/share/ros2_fundementals_examples/package.dsv
[0.743s] -- Installing: /home/ardra/ros2_tut/install/ros2_fundementals_examples/share/ament_index/resource_index/packages/ros2_fundementals_examples
[0.743s] -- Installing: /home/ardra/ros2_tut/install/ros2_fundementals_examples/share/ros2_fundementals_examples/cmake/ros2_fundementals_examplesConfig.cmake
[0.743s] -- Installing: /home/ardra/ros2_tut/install/ros2_fundementals_examples/share/ros2_fundementals_examples/cmake/ros2_fundementals_examplesConfig-version.cmake
[0.743s] -- Installing: /home/ardra/ros2_tut/install/ros2_fundementals_examples/share/ros2_fundementals_examples/package.xml
[0.758s] Invoked command in '/home/ardra/ros2_tut/build/ros2_fundementals_examples' returned '0': CMAKE_PREFIX_PATH=${CMAKE_PREFIX_PATH}:/home/ardra/magician_ros2_ws/install/dobot_visualization_tools:/home/ardra/magician_ros2_ws/install/dobot_state_updater:/home/ardra/magician_ros2_ws/install/dobot_motion:/home/ardra/magician_ros2_ws/install/dobot_kinematics:/home/ardra/magician_ros2_ws/install/dobot_homing:/home/ardra/magician_ros2_ws/install/dobot_end_effector:/home/ardra/magician_ros2_ws/install/dobot_diagnostics:/home/ardra/magician_ros2_ws/install/dobot_demos:/home/ardra/magician_ros2_ws/install/dobot_control_panel:/home/ardra/magician_ros2_ws/install/dobot_bringup:/opt/ros/jazzy DEBUGINFOD_URLS=https://debuginfod.ubuntu.com /usr/bin/cmake --install /home/ardra/ros2_tut/build/ros2_fundementals_examples
