[0.091s] DEBUG:colcon:Command line arguments: ['/usr/bin/colcon', 'build']
[0.091s] DEBUG:colcon:Parsed command line arguments: Namespace(log_base=None, log_level=None, verb_name='build', build_base='build', install_base='install', merge_install=False, symlink_install=False, test_result_base=None, continue_on_error=False, executor='parallel', parallel_workers=16, event_handlers=None, ignore_user_meta=False, metas=['./colcon.meta'], base_paths=['.'], packages_ignore=None, packages_ignore_regex=None, paths=None, packages_up_to=None, packages_up_to_regex=None, packages_above=None, packages_above_and_dependencies=None, packages_above_depth=None, packages_select_by_dep=None, packages_skip_by_dep=None, packages_skip_up_to=None, packages_select_build_failed=False, packages_skip_build_finished=False, packages_select_test_failures=False, packages_skip_test_passed=False, packages_select=None, packages_skip=None, packages_select_regex=None, packages_skip_regex=None, packages_start=None, packages_end=None, allow_overriding=[], cmake_args=None, cmake_target=None, cmake_target_skip_unavailable=False, cmake_clean_cache=False, cmake_clean_first=False, cmake_force_configure=False, ament_cmake_args=None, catkin_cmake_args=None, catkin_skip_building_tests=False, mixin_files=None, mixin=None, verb_parser=<colcon_mixin.mixin.mixin_argument.MixinArgumentDecorator object at 0x7f4aadcfc680>, verb_extension=<colcon_core.verb.build.BuildVerb object at 0x7f4aadcfc290>, main=<bound method BuildVerb.main of <colcon_core.verb.build.BuildVerb object at 0x7f4aadcfc290>>, mixin_verb=('build',))
[0.118s] Level 1:colcon.colcon_core.package_discovery:discover_packages(colcon_meta) check parameters
[0.118s] Level 1:colcon.colcon_core.package_discovery:discover_packages(recursive) check parameters
[0.118s] Level 1:colcon.colcon_core.package_discovery:discover_packages(ignore) check parameters
[0.118s] Level 1:colcon.colcon_core.package_discovery:discover_packages(path) check parameters
[0.118s] Level 1:colcon.colcon_core.package_discovery:discover_packages(colcon_meta) discover
[0.118s] Level 1:colcon.colcon_core.package_discovery:discover_packages(recursive) discover
[0.118s] INFO:colcon.colcon_core.package_discovery:Crawling recursively for packages in '/home/ardra/ros2_tut'
[0.119s] Level 1:colcon.colcon_core.package_identification:_identify(.) by extensions ['ignore', 'ignore_ament_install']
[0.119s] Level 1:colcon.colcon_core.package_identification:_identify(.) by extension 'ignore'
[0.119s] Level 1:colcon.colcon_core.package_identification:_identify(.) by extension 'ignore_ament_install'
[0.119s] Level 1:colcon.colcon_core.package_identification:_identify(.) by extensions ['colcon_pkg']
[0.119s] Level 1:colcon.colcon_core.package_identification:_identify(.) by extension 'colcon_pkg'
[0.119s] Level 1:colcon.colcon_core.package_identification:_identify(.) by extensions ['colcon_meta']
[0.119s] Level 1:colcon.colcon_core.package_identification:_identify(.) by extension 'colcon_meta'
[0.119s] Level 1:colcon.colcon_core.package_identification:_identify(.) by extensions ['ros']
[0.119s] Level 1:colcon.colcon_core.package_identification:_identify(.) by extension 'ros'
[0.137s] Level 1:colcon.colcon_core.package_identification:_identify(.) by extensions ['cmake', 'python']
[0.137s] Level 1:colcon.colcon_core.package_identification:_identify(.) by extension 'cmake'
[0.137s] Level 1:colcon.colcon_core.package_identification:_identify(.) by extension 'python'
[0.137s] Level 1:colcon.colcon_core.package_identification:_identify(.) by extensions ['python_setup_py']
[0.137s] Level 1:colcon.colcon_core.package_identification:_identify(.) by extension 'python_setup_py'
[0.137s] Level 1:colcon.colcon_core.package_identification:_identify(build) by extensions ['ignore', 'ignore_ament_install']
[0.137s] Level 1:colcon.colcon_core.package_identification:_identify(build) by extension 'ignore'
[0.137s] Level 1:colcon.colcon_core.package_identification:_identify(build) ignored
[0.137s] Level 1:colcon.colcon_core.package_identification:_identify(install) by extensions ['ignore', 'ignore_ament_install']
[0.138s] Level 1:colcon.colcon_core.package_identification:_identify(install) by extension 'ignore'
[0.138s] Level 1:colcon.colcon_core.package_identification:_identify(install) ignored
[0.138s] Level 1:colcon.colcon_core.package_identification:_identify(log) by extensions ['ignore', 'ignore_ament_install']
[0.138s] Level 1:colcon.colcon_core.package_identification:_identify(log) by extension 'ignore'
[0.138s] Level 1:colcon.colcon_core.package_identification:_identify(log) ignored
[0.138s] Level 1:colcon.colcon_core.package_identification:_identify(src) by extensions ['ignore', 'ignore_ament_install']
[0.138s] Level 1:colcon.colcon_core.package_identification:_identify(src) by extension 'ignore'
[0.138s] Level 1:colcon.colcon_core.package_identification:_identify(src) by extension 'ignore_ament_install'
[0.138s] Level 1:colcon.colcon_core.package_identification:_identify(src) by extensions ['colcon_pkg']
[0.138s] Level 1:colcon.colcon_core.package_identification:_identify(src) by extension 'colcon_pkg'
[0.138s] Level 1:colcon.colcon_core.package_identification:_identify(src) by extensions ['colcon_meta']
[0.138s] Level 1:colcon.colcon_core.package_identification:_identify(src) by extension 'colcon_meta'
[0.138s] Level 1:colcon.colcon_core.package_identification:_identify(src) by extensions ['ros']
[0.138s] Level 1:colcon.colcon_core.package_identification:_identify(src) by extension 'ros'
[0.138s] Level 1:colcon.colcon_core.package_identification:_identify(src) by extensions ['cmake', 'python']
[0.138s] Level 1:colcon.colcon_core.package_identification:_identify(src) by extension 'cmake'
[0.138s] Level 1:colcon.colcon_core.package_identification:_identify(src) by extension 'python'
[0.138s] Level 1:colcon.colcon_core.package_identification:_identify(src) by extensions ['python_setup_py']
[0.138s] Level 1:colcon.colcon_core.package_identification:_identify(src) by extension 'python_setup_py'
[0.138s] Level 1:colcon.colcon_core.package_identification:_identify(src/ros2_fundementals) by extensions ['ignore', 'ignore_ament_install']
[0.138s] Level 1:colcon.colcon_core.package_identification:_identify(src/ros2_fundementals) by extension 'ignore'
[0.138s] Level 1:colcon.colcon_core.package_identification:_identify(src/ros2_fundementals) by extension 'ignore_ament_install'
[0.138s] Level 1:colcon.colcon_core.package_identification:_identify(src/ros2_fundementals) by extensions ['colcon_pkg']
[0.138s] Level 1:colcon.colcon_core.package_identification:_identify(src/ros2_fundementals) by extension 'colcon_pkg'
[0.138s] Level 1:colcon.colcon_core.package_identification:_identify(src/ros2_fundementals) by extensions ['colcon_meta']
[0.138s] Level 1:colcon.colcon_core.package_identification:_identify(src/ros2_fundementals) by extension 'colcon_meta'
[0.138s] Level 1:colcon.colcon_core.package_identification:_identify(src/ros2_fundementals) by extensions ['ros']
[0.138s] Level 1:colcon.colcon_core.package_identification:_identify(src/ros2_fundementals) by extension 'ros'
[0.140s] DEBUG:colcon.colcon_core.package_identification:Package 'src/ros2_fundementals' with type 'ros.ament_cmake' and name 'ros2_fundementals'
[0.140s] Level 1:colcon.colcon_core.package_identification:_identify(src/ros2_fundementals_examples) by extensions ['ignore', 'ignore_ament_install']
[0.140s] Level 1:colcon.colcon_core.package_identification:_identify(src/ros2_fundementals_examples) by extension 'ignore'
[0.140s] Level 1:colcon.colcon_core.package_identification:_identify(src/ros2_fundementals_examples) by extension 'ignore_ament_install'
[0.140s] Level 1:colcon.colcon_core.package_identification:_identify(src/ros2_fundementals_examples) by extensions ['colcon_pkg']
[0.140s] Level 1:colcon.colcon_core.package_identification:_identify(src/ros2_fundementals_examples) by extension 'colcon_pkg'
[0.140s] Level 1:colcon.colcon_core.package_identification:_identify(src/ros2_fundementals_examples) by extensions ['colcon_meta']
[0.140s] Level 1:colcon.colcon_core.package_identification:_identify(src/ros2_fundementals_examples) by extension 'colcon_meta'
[0.140s] Level 1:colcon.colcon_core.package_identification:_identify(src/ros2_fundementals_examples) by extensions ['ros']
[0.140s] Level 1:colcon.colcon_core.package_identification:_identify(src/ros2_fundementals_examples) by extension 'ros'
[0.141s] DEBUG:colcon.colcon_core.package_identification:Package 'src/ros2_fundementals_examples' with type 'ros.ament_cmake' and name 'ros2_fundementals_examples'
[0.141s] Level 1:colcon.colcon_core.package_discovery:discover_packages(recursive) using defaults
[0.141s] Level 1:colcon.colcon_core.package_discovery:discover_packages(ignore) discover
[0.141s] Level 1:colcon.colcon_core.package_discovery:discover_packages(ignore) using defaults
[0.141s] Level 1:colcon.colcon_core.package_discovery:discover_packages(path) discover
[0.141s] Level 1:colcon.colcon_core.package_discovery:discover_packages(path) using defaults
[0.154s] Level 1:colcon.colcon_core.package_discovery:discover_packages(prefix_path) check parameters
[0.155s] Level 1:colcon.colcon_core.package_discovery:discover_packages(prefix_path) discover
[0.156s] DEBUG:colcon.colcon_installed_package_information.package_discovery:Found 2 installed packages in /home/ardra/ros2_tut/install
[0.156s] DEBUG:colcon.colcon_installed_package_information.package_discovery:Found 13 installed packages in /home/ardra/magician_ros2_ws/install
[0.158s] DEBUG:colcon.colcon_installed_package_information.package_discovery:Found 450 installed packages in /opt/ros/jazzy
[0.158s] Level 1:colcon.colcon_core.package_discovery:discover_packages(prefix_path) using defaults
[0.201s] Level 5:colcon.colcon_core.verb:set package 'ros2_fundementals' build argument 'cmake_args' from command line to 'None'
[0.202s] Level 5:colcon.colcon_core.verb:set package 'ros2_fundementals' build argument 'cmake_target' from command line to 'None'
[0.202s] Level 5:colcon.colcon_core.verb:set package 'ros2_fundementals' build argument 'cmake_target_skip_unavailable' from command line to 'False'
[0.202s] Level 5:colcon.colcon_core.verb:set package 'ros2_fundementals' build argument 'cmake_clean_cache' from command line to 'False'
[0.202s] Level 5:colcon.colcon_core.verb:set package 'ros2_fundementals' build argument 'cmake_clean_first' from command line to 'False'
[0.202s] Level 5:colcon.colcon_core.verb:set package 'ros2_fundementals' build argument 'cmake_force_configure' from command line to 'False'
[0.202s] Level 5:colcon.colcon_core.verb:set package 'ros2_fundementals' build argument 'ament_cmake_args' from command line to 'None'
[0.202s] Level 5:colcon.colcon_core.verb:set package 'ros2_fundementals' build argument 'catkin_cmake_args' from command line to 'None'
[0.202s] Level 5:colcon.colcon_core.verb:set package 'ros2_fundementals' build argument 'catkin_skip_building_tests' from command line to 'False'
[0.202s] DEBUG:colcon.colcon_core.verb:Building package 'ros2_fundementals' with the following arguments: {'ament_cmake_args': None, 'build_base': '/home/ardra/ros2_tut/build/ros2_fundementals', 'catkin_cmake_args': None, 'catkin_skip_building_tests': False, 'cmake_args': None, 'cmake_clean_cache': False, 'cmake_clean_first': False, 'cmake_force_configure': False, 'cmake_target': None, 'cmake_target_skip_unavailable': False, 'install_base': '/home/ardra/ros2_tut/install/ros2_fundementals', 'merge_install': False, 'path': '/home/ardra/ros2_tut/src/ros2_fundementals', 'symlink_install': False, 'test_result_base': None}
[0.202s] Level 5:colcon.colcon_core.verb:set package 'ros2_fundementals_examples' build argument 'cmake_args' from command line to 'None'
[0.202s] Level 5:colcon.colcon_core.verb:set package 'ros2_fundementals_examples' build argument 'cmake_target' from command line to 'None'
[0.202s] Level 5:colcon.colcon_core.verb:set package 'ros2_fundementals_examples' build argument 'cmake_target_skip_unavailable' from command line to 'False'
[0.202s] Level 5:colcon.colcon_core.verb:set package 'ros2_fundementals_examples' build argument 'cmake_clean_cache' from command line to 'False'
[0.202s] Level 5:colcon.colcon_core.verb:set package 'ros2_fundementals_examples' build argument 'cmake_clean_first' from command line to 'False'
[0.202s] Level 5:colcon.colcon_core.verb:set package 'ros2_fundementals_examples' build argument 'cmake_force_configure' from command line to 'False'
[0.202s] Level 5:colcon.colcon_core.verb:set package 'ros2_fundementals_examples' build argument 'ament_cmake_args' from command line to 'None'
[0.202s] Level 5:colcon.colcon_core.verb:set package 'ros2_fundementals_examples' build argument 'catkin_cmake_args' from command line to 'None'
[0.202s] Level 5:colcon.colcon_core.verb:set package 'ros2_fundementals_examples' build argument 'catkin_skip_building_tests' from command line to 'False'
[0.202s] DEBUG:colcon.colcon_core.verb:Building package 'ros2_fundementals_examples' with the following arguments: {'ament_cmake_args': None, 'build_base': '/home/ardra/ros2_tut/build/ros2_fundementals_examples', 'catkin_cmake_args': None, 'catkin_skip_building_tests': False, 'cmake_args': None, 'cmake_clean_cache': False, 'cmake_clean_first': False, 'cmake_force_configure': False, 'cmake_target': None, 'cmake_target_skip_unavailable': False, 'install_base': '/home/ardra/ros2_tut/install/ros2_fundementals_examples', 'merge_install': False, 'path': '/home/ardra/ros2_tut/src/ros2_fundementals_examples', 'symlink_install': False, 'test_result_base': None}
[0.202s] INFO:colcon.colcon_core.executor:Executing jobs using 'parallel' executor
[0.203s] DEBUG:colcon.colcon_parallel_executor.executor.parallel:run_until_complete
[0.203s] INFO:colcon.colcon_ros.task.ament_cmake.build:Building ROS package in '/home/ardra/ros2_tut/src/ros2_fundementals' with build type 'ament_cmake'
[0.203s] INFO:colcon.colcon_cmake.task.cmake.build:Building CMake package in '/home/ardra/ros2_tut/src/ros2_fundementals'
[0.205s] INFO:colcon.colcon_core.plugin_system:Skipping extension 'colcon_core.shell.bat': Not used on non-Windows systems
[0.205s] INFO:colcon.colcon_core.shell:Skip shell extension 'powershell' for command environment: Not usable outside of PowerShell
[0.205s] DEBUG:colcon.colcon_core.shell:Skip shell extension 'dsv' for command environment
[0.210s] INFO:colcon.colcon_ros.task.ament_cmake.build:Building ROS package in '/home/ardra/ros2_tut/src/ros2_fundementals_examples' with build type 'ament_cmake'
[0.210s] INFO:colcon.colcon_cmake.task.cmake.build:Building CMake package in '/home/ardra/ros2_tut/src/ros2_fundementals_examples'
[0.210s] INFO:colcon.colcon_core.shell:Skip shell extension 'powershell' for command environment: Not usable outside of PowerShell
[0.210s] DEBUG:colcon.colcon_core.shell:Skip shell extension 'dsv' for command environment
[0.218s] DEBUG:colcon.colcon_core.event_handler.log_command:Invoking command in '/home/ardra/ros2_tut/build/ros2_fundementals': CMAKE_PREFIX_PATH=${CMAKE_PREFIX_PATH}:/home/ardra/magician_ros2_ws/install/dobot_visualization_tools:/home/ardra/magician_ros2_ws/install/dobot_state_updater:/home/ardra/magician_ros2_ws/install/dobot_motion:/home/ardra/magician_ros2_ws/install/dobot_kinematics:/home/ardra/magician_ros2_ws/install/dobot_homing:/home/ardra/magician_ros2_ws/install/dobot_end_effector:/home/ardra/magician_ros2_ws/install/dobot_diagnostics:/home/ardra/magician_ros2_ws/install/dobot_demos:/home/ardra/magician_ros2_ws/install/dobot_control_panel:/home/ardra/magician_ros2_ws/install/dobot_bringup:/opt/ros/jazzy DEBUGINFOD_URLS=https://debuginfod.ubuntu.com /usr/bin/cmake --build /home/ardra/ros2_tut/build/ros2_fundementals -- -j16 -l16
[0.220s] DEBUG:colcon.colcon_core.event_handler.log_command:Invoking command in '/home/ardra/ros2_tut/build/ros2_fundementals_examples': CMAKE_PREFIX_PATH=${CMAKE_PREFIX_PATH}:/home/ardra/magician_ros2_ws/install/dobot_visualization_tools:/home/ardra/magician_ros2_ws/install/dobot_state_updater:/home/ardra/magician_ros2_ws/install/dobot_motion:/home/ardra/magician_ros2_ws/install/dobot_kinematics:/home/ardra/magician_ros2_ws/install/dobot_homing:/home/ardra/magician_ros2_ws/install/dobot_end_effector:/home/ardra/magician_ros2_ws/install/dobot_diagnostics:/home/ardra/magician_ros2_ws/install/dobot_demos:/home/ardra/magician_ros2_ws/install/dobot_control_panel:/home/ardra/magician_ros2_ws/install/dobot_bringup:/opt/ros/jazzy DEBUGINFOD_URLS=https://debuginfod.ubuntu.com /usr/bin/cmake --build /home/ardra/ros2_tut/build/ros2_fundementals_examples -- -j16 -l16
[0.244s] DEBUG:colcon.colcon_core.event_handler.log_command:Invoked command in '/home/ardra/ros2_tut/build/ros2_fundementals' returned '0': CMAKE_PREFIX_PATH=${CMAKE_PREFIX_PATH}:/home/ardra/magician_ros2_ws/install/dobot_visualization_tools:/home/ardra/magician_ros2_ws/install/dobot_state_updater:/home/ardra/magician_ros2_ws/install/dobot_motion:/home/ardra/magician_ros2_ws/install/dobot_kinematics:/home/ardra/magician_ros2_ws/install/dobot_homing:/home/ardra/magician_ros2_ws/install/dobot_end_effector:/home/ardra/magician_ros2_ws/install/dobot_diagnostics:/home/ardra/magician_ros2_ws/install/dobot_demos:/home/ardra/magician_ros2_ws/install/dobot_control_panel:/home/ardra/magician_ros2_ws/install/dobot_bringup:/opt/ros/jazzy DEBUGINFOD_URLS=https://debuginfod.ubuntu.com /usr/bin/cmake --build /home/ardra/ros2_tut/build/ros2_fundementals -- -j16 -l16
[0.252s] DEBUG:colcon.colcon_core.event_handler.log_command:Invoking command in '/home/ardra/ros2_tut/build/ros2_fundementals': CMAKE_PREFIX_PATH=${CMAKE_PREFIX_PATH}:/home/ardra/magician_ros2_ws/install/dobot_visualization_tools:/home/ardra/magician_ros2_ws/install/dobot_state_updater:/home/ardra/magician_ros2_ws/install/dobot_motion:/home/ardra/magician_ros2_ws/install/dobot_kinematics:/home/ardra/magician_ros2_ws/install/dobot_homing:/home/ardra/magician_ros2_ws/install/dobot_end_effector:/home/ardra/magician_ros2_ws/install/dobot_diagnostics:/home/ardra/magician_ros2_ws/install/dobot_demos:/home/ardra/magician_ros2_ws/install/dobot_control_panel:/home/ardra/magician_ros2_ws/install/dobot_bringup:/opt/ros/jazzy DEBUGINFOD_URLS=https://debuginfod.ubuntu.com /usr/bin/cmake --install /home/ardra/ros2_tut/build/ros2_fundementals
[0.259s] Level 1:colcon.colcon_core.environment:create_environment_scripts_only(ros2_fundementals)
[0.259s] DEBUG:colcon.colcon_core.event_handler.log_command:Invoked command in '/home/ardra/ros2_tut/build/ros2_fundementals' returned '0': CMAKE_PREFIX_PATH=${CMAKE_PREFIX_PATH}:/home/ardra/magician_ros2_ws/install/dobot_visualization_tools:/home/ardra/magician_ros2_ws/install/dobot_state_updater:/home/ardra/magician_ros2_ws/install/dobot_motion:/home/ardra/magician_ros2_ws/install/dobot_kinematics:/home/ardra/magician_ros2_ws/install/dobot_homing:/home/ardra/magician_ros2_ws/install/dobot_end_effector:/home/ardra/magician_ros2_ws/install/dobot_diagnostics:/home/ardra/magician_ros2_ws/install/dobot_demos:/home/ardra/magician_ros2_ws/install/dobot_control_panel:/home/ardra/magician_ros2_ws/install/dobot_bringup:/opt/ros/jazzy DEBUGINFOD_URLS=https://debuginfod.ubuntu.com /usr/bin/cmake --install /home/ardra/ros2_tut/build/ros2_fundementals
[0.260s] Level 1:colcon.colcon_core.environment:checking '/home/ardra/ros2_tut/install/ros2_fundementals' for CMake module files
[0.261s] Level 1:colcon.colcon_core.environment:checking '/home/ardra/ros2_tut/install/ros2_fundementals' for CMake config files
[0.261s] Level 1:colcon.colcon_core.shell:create_environment_hook('ros2_fundementals', 'cmake_prefix_path')
[0.261s] INFO:colcon.colcon_core.shell:Creating environment hook '/home/ardra/ros2_tut/install/ros2_fundementals/share/ros2_fundementals/hook/cmake_prefix_path.ps1'
[0.261s] INFO:colcon.colcon_core.shell:Creating environment descriptor '/home/ardra/ros2_tut/install/ros2_fundementals/share/ros2_fundementals/hook/cmake_prefix_path.dsv'
[0.261s] INFO:colcon.colcon_core.shell:Creating environment hook '/home/ardra/ros2_tut/install/ros2_fundementals/share/ros2_fundementals/hook/cmake_prefix_path.sh'
[0.262s] Level 1:colcon.colcon_core.environment:checking '/home/ardra/ros2_tut/install/ros2_fundementals/bin'
[0.262s] Level 1:colcon.colcon_core.environment:checking '/home/ardra/ros2_tut/install/ros2_fundementals/lib/pkgconfig/ros2_fundementals.pc'
[0.262s] Level 1:colcon.colcon_core.environment:checking '/home/ardra/ros2_tut/install/ros2_fundementals/lib/python3.12/site-packages'
[0.262s] Level 1:colcon.colcon_core.environment:checking '/home/ardra/ros2_tut/install/ros2_fundementals/bin'
[0.263s] INFO:colcon.colcon_core.shell:Creating package script '/home/ardra/ros2_tut/install/ros2_fundementals/share/ros2_fundementals/package.ps1'
[0.263s] INFO:colcon.colcon_core.shell:Creating package descriptor '/home/ardra/ros2_tut/install/ros2_fundementals/share/ros2_fundementals/package.dsv'
[0.263s] INFO:colcon.colcon_core.shell:Creating package script '/home/ardra/ros2_tut/install/ros2_fundementals/share/ros2_fundementals/package.sh'
[0.264s] INFO:colcon.colcon_core.shell:Creating package script '/home/ardra/ros2_tut/install/ros2_fundementals/share/ros2_fundementals/package.bash'
[0.264s] INFO:colcon.colcon_core.shell:Creating package script '/home/ardra/ros2_tut/install/ros2_fundementals/share/ros2_fundementals/package.zsh'
[0.274s] Level 1:colcon.colcon_core.environment:create_file_with_runtime_dependencies(/home/ardra/ros2_tut/install/ros2_fundementals/share/colcon-core/packages/ros2_fundementals)
[0.275s] Level 1:colcon.colcon_core.environment:create_environment_scripts_only(ros2_fundementals)
[0.275s] Level 1:colcon.colcon_core.environment:checking '/home/ardra/ros2_tut/install/ros2_fundementals' for CMake module files
[0.275s] Level 1:colcon.colcon_core.environment:checking '/home/ardra/ros2_tut/install/ros2_fundementals' for CMake config files
[0.275s] Level 1:colcon.colcon_core.shell:create_environment_hook('ros2_fundementals', 'cmake_prefix_path')
[0.275s] INFO:colcon.colcon_core.shell:Creating environment hook '/home/ardra/ros2_tut/install/ros2_fundementals/share/ros2_fundementals/hook/cmake_prefix_path.ps1'
[0.276s] INFO:colcon.colcon_core.shell:Creating environment descriptor '/home/ardra/ros2_tut/install/ros2_fundementals/share/ros2_fundementals/hook/cmake_prefix_path.dsv'
[0.276s] INFO:colcon.colcon_core.shell:Creating environment hook '/home/ardra/ros2_tut/install/ros2_fundementals/share/ros2_fundementals/hook/cmake_prefix_path.sh'
[0.276s] Level 1:colcon.colcon_core.environment:checking '/home/ardra/ros2_tut/install/ros2_fundementals/bin'
[0.276s] Level 1:colcon.colcon_core.environment:checking '/home/ardra/ros2_tut/install/ros2_fundementals/lib/pkgconfig/ros2_fundementals.pc'
[0.276s] Level 1:colcon.colcon_core.environment:checking '/home/ardra/ros2_tut/install/ros2_fundementals/lib/python3.12/site-packages'
[0.277s] Level 1:colcon.colcon_core.environment:checking '/home/ardra/ros2_tut/install/ros2_fundementals/bin'
[0.277s] INFO:colcon.colcon_core.shell:Creating package script '/home/ardra/ros2_tut/install/ros2_fundementals/share/ros2_fundementals/package.ps1'
[0.277s] INFO:colcon.colcon_core.shell:Creating package descriptor '/home/ardra/ros2_tut/install/ros2_fundementals/share/ros2_fundementals/package.dsv'
[0.278s] INFO:colcon.colcon_core.shell:Creating package script '/home/ardra/ros2_tut/install/ros2_fundementals/share/ros2_fundementals/package.sh'
[0.278s] INFO:colcon.colcon_core.shell:Creating package script '/home/ardra/ros2_tut/install/ros2_fundementals/share/ros2_fundementals/package.bash'
[0.278s] INFO:colcon.colcon_core.shell:Creating package script '/home/ardra/ros2_tut/install/ros2_fundementals/share/ros2_fundementals/package.zsh'
[0.278s] Level 1:colcon.colcon_core.environment:create_file_with_runtime_dependencies(/home/ardra/ros2_tut/install/ros2_fundementals/share/colcon-core/packages/ros2_fundementals)
[6.429s] DEBUG:colcon.colcon_core.event_handler.log_command:Invoked command in '/home/ardra/ros2_tut/build/ros2_fundementals_examples' returned '0': CMAKE_PREFIX_PATH=${CMAKE_PREFIX_PATH}:/home/ardra/magician_ros2_ws/install/dobot_visualization_tools:/home/ardra/magician_ros2_ws/install/dobot_state_updater:/home/ardra/magician_ros2_ws/install/dobot_motion:/home/ardra/magician_ros2_ws/install/dobot_kinematics:/home/ardra/magician_ros2_ws/install/dobot_homing:/home/ardra/magician_ros2_ws/install/dobot_end_effector:/home/ardra/magician_ros2_ws/install/dobot_diagnostics:/home/ardra/magician_ros2_ws/install/dobot_demos:/home/ardra/magician_ros2_ws/install/dobot_control_panel:/home/ardra/magician_ros2_ws/install/dobot_bringup:/opt/ros/jazzy DEBUGINFOD_URLS=https://debuginfod.ubuntu.com /usr/bin/cmake --build /home/ardra/ros2_tut/build/ros2_fundementals_examples -- -j16 -l16
[6.430s] DEBUG:colcon.colcon_core.event_handler.log_command:Invoking command in '/home/ardra/ros2_tut/build/ros2_fundementals_examples': CMAKE_PREFIX_PATH=${CMAKE_PREFIX_PATH}:/home/ardra/magician_ros2_ws/install/dobot_visualization_tools:/home/ardra/magician_ros2_ws/install/dobot_state_updater:/home/ardra/magician_ros2_ws/install/dobot_motion:/home/ardra/magician_ros2_ws/install/dobot_kinematics:/home/ardra/magician_ros2_ws/install/dobot_homing:/home/ardra/magician_ros2_ws/install/dobot_end_effector:/home/ardra/magician_ros2_ws/install/dobot_diagnostics:/home/ardra/magician_ros2_ws/install/dobot_demos:/home/ardra/magician_ros2_ws/install/dobot_control_panel:/home/ardra/magician_ros2_ws/install/dobot_bringup:/opt/ros/jazzy DEBUGINFOD_URLS=https://debuginfod.ubuntu.com /usr/bin/cmake --install /home/ardra/ros2_tut/build/ros2_fundementals_examples
[6.443s] Level 1:colcon.colcon_core.environment:create_environment_scripts_only(ros2_fundementals_examples)
[6.444s] Level 1:colcon.colcon_core.environment:checking '/home/ardra/ros2_tut/install/ros2_fundementals_examples' for CMake module files
[6.444s] DEBUG:colcon.colcon_core.event_handler.log_command:Invoked command in '/home/ardra/ros2_tut/build/ros2_fundementals_examples' returned '0': CMAKE_PREFIX_PATH=${CMAKE_PREFIX_PATH}:/home/ardra/magician_ros2_ws/install/dobot_visualization_tools:/home/ardra/magician_ros2_ws/install/dobot_state_updater:/home/ardra/magician_ros2_ws/install/dobot_motion:/home/ardra/magician_ros2_ws/install/dobot_kinematics:/home/ardra/magician_ros2_ws/install/dobot_homing:/home/ardra/magician_ros2_ws/install/dobot_end_effector:/home/ardra/magician_ros2_ws/install/dobot_diagnostics:/home/ardra/magician_ros2_ws/install/dobot_demos:/home/ardra/magician_ros2_ws/install/dobot_control_panel:/home/ardra/magician_ros2_ws/install/dobot_bringup:/opt/ros/jazzy DEBUGINFOD_URLS=https://debuginfod.ubuntu.com /usr/bin/cmake --install /home/ardra/ros2_tut/build/ros2_fundementals_examples
[6.444s] Level 1:colcon.colcon_core.environment:checking '/home/ardra/ros2_tut/install/ros2_fundementals_examples' for CMake config files
[6.445s] Level 1:colcon.colcon_core.shell:create_environment_hook('ros2_fundementals_examples', 'cmake_prefix_path')
[6.445s] INFO:colcon.colcon_core.shell:Creating environment hook '/home/ardra/ros2_tut/install/ros2_fundementals_examples/share/ros2_fundementals_examples/hook/cmake_prefix_path.ps1'
[6.445s] INFO:colcon.colcon_core.shell:Creating environment descriptor '/home/ardra/ros2_tut/install/ros2_fundementals_examples/share/ros2_fundementals_examples/hook/cmake_prefix_path.dsv'
[6.446s] INFO:colcon.colcon_core.shell:Creating environment hook '/home/ardra/ros2_tut/install/ros2_fundementals_examples/share/ros2_fundementals_examples/hook/cmake_prefix_path.sh'
[6.446s] Level 1:colcon.colcon_core.environment:checking '/home/ardra/ros2_tut/install/ros2_fundementals_examples/lib'
[6.446s] Level 1:colcon.colcon_core.environment:checking '/home/ardra/ros2_tut/install/ros2_fundementals_examples/bin'
[6.446s] Level 1:colcon.colcon_core.environment:checking '/home/ardra/ros2_tut/install/ros2_fundementals_examples/lib/pkgconfig/ros2_fundementals_examples.pc'
[6.447s] Level 1:colcon.colcon_core.environment:checking '/home/ardra/ros2_tut/install/ros2_fundementals_examples/lib/python3.12/site-packages'
[6.447s] Level 1:colcon.colcon_core.environment:checking '/home/ardra/ros2_tut/install/ros2_fundementals_examples/bin'
[6.447s] INFO:colcon.colcon_core.shell:Creating package script '/home/ardra/ros2_tut/install/ros2_fundementals_examples/share/ros2_fundementals_examples/package.ps1'
[6.448s] INFO:colcon.colcon_core.shell:Creating package descriptor '/home/ardra/ros2_tut/install/ros2_fundementals_examples/share/ros2_fundementals_examples/package.dsv'
[6.448s] INFO:colcon.colcon_core.shell:Creating package script '/home/ardra/ros2_tut/install/ros2_fundementals_examples/share/ros2_fundementals_examples/package.sh'
[6.448s] INFO:colcon.colcon_core.shell:Creating package script '/home/ardra/ros2_tut/install/ros2_fundementals_examples/share/ros2_fundementals_examples/package.bash'
[6.448s] INFO:colcon.colcon_core.shell:Creating package script '/home/ardra/ros2_tut/install/ros2_fundementals_examples/share/ros2_fundementals_examples/package.zsh'
[6.448s] Level 1:colcon.colcon_core.environment:create_file_with_runtime_dependencies(/home/ardra/ros2_tut/install/ros2_fundementals_examples/share/colcon-core/packages/ros2_fundementals_examples)
[6.449s] Level 1:colcon.colcon_core.environment:create_environment_scripts_only(ros2_fundementals_examples)
[6.449s] Level 1:colcon.colcon_core.environment:checking '/home/ardra/ros2_tut/install/ros2_fundementals_examples' for CMake module files
[6.449s] Level 1:colcon.colcon_core.environment:checking '/home/ardra/ros2_tut/install/ros2_fundementals_examples' for CMake config files
[6.449s] Level 1:colcon.colcon_core.shell:create_environment_hook('ros2_fundementals_examples', 'cmake_prefix_path')
[6.449s] INFO:colcon.colcon_core.shell:Creating environment hook '/home/ardra/ros2_tut/install/ros2_fundementals_examples/share/ros2_fundementals_examples/hook/cmake_prefix_path.ps1'
[6.450s] INFO:colcon.colcon_core.shell:Creating environment descriptor '/home/ardra/ros2_tut/install/ros2_fundementals_examples/share/ros2_fundementals_examples/hook/cmake_prefix_path.dsv'
[6.450s] INFO:colcon.colcon_core.shell:Creating environment hook '/home/ardra/ros2_tut/install/ros2_fundementals_examples/share/ros2_fundementals_examples/hook/cmake_prefix_path.sh'
[6.450s] Level 1:colcon.colcon_core.environment:checking '/home/ardra/ros2_tut/install/ros2_fundementals_examples/lib'
[6.450s] Level 1:colcon.colcon_core.environment:checking '/home/ardra/ros2_tut/install/ros2_fundementals_examples/bin'
[6.450s] Level 1:colcon.colcon_core.environment:checking '/home/ardra/ros2_tut/install/ros2_fundementals_examples/lib/pkgconfig/ros2_fundementals_examples.pc'
[6.450s] Level 1:colcon.colcon_core.environment:checking '/home/ardra/ros2_tut/install/ros2_fundementals_examples/lib/python3.12/site-packages'
[6.451s] Level 1:colcon.colcon_core.environment:checking '/home/ardra/ros2_tut/install/ros2_fundementals_examples/bin'
[6.451s] INFO:colcon.colcon_core.shell:Creating package script '/home/ardra/ros2_tut/install/ros2_fundementals_examples/share/ros2_fundementals_examples/package.ps1'
[6.451s] INFO:colcon.colcon_core.shell:Creating package descriptor '/home/ardra/ros2_tut/install/ros2_fundementals_examples/share/ros2_fundementals_examples/package.dsv'
[6.452s] INFO:colcon.colcon_core.shell:Creating package script '/home/ardra/ros2_tut/install/ros2_fundementals_examples/share/ros2_fundementals_examples/package.sh'
[6.452s] INFO:colcon.colcon_core.shell:Creating package script '/home/ardra/ros2_tut/install/ros2_fundementals_examples/share/ros2_fundementals_examples/package.bash'
[6.452s] INFO:colcon.colcon_core.shell:Creating package script '/home/ardra/ros2_tut/install/ros2_fundementals_examples/share/ros2_fundementals_examples/package.zsh'
[6.453s] Level 1:colcon.colcon_core.environment:create_file_with_runtime_dependencies(/home/ardra/ros2_tut/install/ros2_fundementals_examples/share/colcon-core/packages/ros2_fundementals_examples)
[6.453s] DEBUG:colcon.colcon_parallel_executor.executor.parallel:closing loop
[6.453s] DEBUG:colcon.colcon_parallel_executor.executor.parallel:loop closed
[6.453s] DEBUG:colcon.colcon_parallel_executor.executor.parallel:run_until_complete finished with '0'
[6.453s] DEBUG:colcon.colcon_core.event_reactor:joining thread
[6.458s] INFO:colcon.colcon_core.plugin_system:Skipping extension 'colcon_notification.desktop_notification.terminal_notifier': Not used on non-Darwin systems
[6.458s] INFO:colcon.colcon_core.plugin_system:Skipping extension 'colcon_notification.desktop_notification.win32': Not used on non-Windows systems
[6.458s] INFO:colcon.colcon_notification.desktop_notification:Sending desktop notification using 'notify2'
[6.468s] DEBUG:colcon.colcon_core.event_reactor:joined thread
[6.468s] INFO:colcon.colcon_core.shell:Creating prefix script '/home/ardra/ros2_tut/install/local_setup.ps1'
[6.469s] INFO:colcon.colcon_core.shell:Creating prefix util module '/home/ardra/ros2_tut/install/_local_setup_util_ps1.py'
[6.470s] INFO:colcon.colcon_core.shell:Creating prefix chain script '/home/ardra/ros2_tut/install/setup.ps1'
[6.471s] INFO:colcon.colcon_core.shell:Creating prefix script '/home/ardra/ros2_tut/install/local_setup.sh'
[6.471s] INFO:colcon.colcon_core.shell:Creating prefix util module '/home/ardra/ros2_tut/install/_local_setup_util_sh.py'
[6.471s] INFO:colcon.colcon_core.shell:Creating prefix chain script '/home/ardra/ros2_tut/install/setup.sh'
[6.473s] INFO:colcon.colcon_core.shell:Creating prefix script '/home/ardra/ros2_tut/install/local_setup.bash'
[6.473s] INFO:colcon.colcon_core.shell:Creating prefix chain script '/home/ardra/ros2_tut/install/setup.bash'
[6.474s] INFO:colcon.colcon_core.shell:Creating prefix script '/home/ardra/ros2_tut/install/local_setup.zsh'
[6.475s] INFO:colcon.colcon_core.shell:Creating prefix chain script '/home/ardra/ros2_tut/install/setup.zsh'
