[0.009s] Invoking command in '/home/ardra/ros2_tut/build/ros2_fundementals_examples': CMAKE_PREFIX_PATH=${CMAKE_PREFIX_PATH}:/home/ardra/magician_ros2_ws/install/dobot_visualization_tools:/home/ardra/magician_ros2_ws/install/dobot_state_updater:/home/ardra/magician_ros2_ws/install/dobot_motion:/home/ardra/magician_ros2_ws/install/dobot_kinematics:/home/ardra/magician_ros2_ws/install/dobot_homing:/home/ardra/magician_ros2_ws/install/dobot_end_effector:/home/ardra/magician_ros2_ws/install/dobot_diagnostics:/home/ardra/magician_ros2_ws/install/dobot_demos:/home/ardra/magician_ros2_ws/install/dobot_control_panel:/home/ardra/magician_ros2_ws/install/dobot_bringup:/opt/ros/jazzy DEBUGINFOD_URLS=https://debuginfod.ubuntu.com /usr/bin/cmake --build /home/ardra/ros2_tut/build/ros2_fundementals_examples -- -j16 -l16
[0.045s] [ 50%] [32mBuilding CXX object CMakeFiles/cpp_minimal_publisher.dir/src/cpp_minimal_publisher.cpp.o[0m
[1.405s] [01m[K/home/ardra/ros2_tut/src/ros2_fundementals_examples/src/cpp_minimal_publisher.cpp:36:45:[m[K [01;31m[Kerror: [m[Ktype ‘[01m[Krclcpp::Publisher<std_msgs::msg::String_<std::allocator<void> > >[m[K’ is not a base type for type ‘[01m[KMinimalPublisher[m[K’
[1.405s]    36 |   rclcpp::Publisher<std_msgs::msg::String>::[01;31m[KSharedPtr[m[K; // Publisher
[1.406s]       |                                             [01;31m[K^~~~~~~~~[m[K
[1.408s] [01m[K/home/ardra/ros2_tut/src/ros2_fundementals_examples/src/cpp_minimal_publisher.cpp:37:5:[m[K [01;31m[Kerror: [m[K‘[01m[Kpublisher_[m[K’ does not name a type; did you mean ‘[01m[Krmw_publisher_t[m[K’?
[1.408s]    37 |     [01;31m[Kpublisher_[m[K; // Publisher for std_msgs::msg::String messages
[1.408s]       |     [01;31m[K^~~~~~~~~~[m[K
[1.408s]       |     [32m[Krmw_publisher_t[m[K
[1.413s] [01m[K/home/ardra/ros2_tut/src/ros2_fundementals_examples/src/cpp_minimal_publisher.cpp:[m[K In constructor ‘[01m[KMinimalPublisher::[01;32m[KMinimalPublisher[m[K()[m[K’:
[1.413s] [01m[K/home/ardra/ros2_tut/src/ros2_fundementals_examples/src/cpp_minimal_publisher.cpp:12:5:[m[K [01;31m[Kerror: [m[K‘[01m[Kpublisher_[m[K’ was not declared in this scope; did you mean ‘[01m[Krmw_publisher_t[m[K’?
[1.413s]    12 |     [01;31m[Kpublisher_[m[K = create_publisher<std_msgs::msg::String>("/cpp_example_topic", 10);
[1.414s]       |     [01;31m[K^~~~~~~~~~[m[K
[1.414s]       |     [32m[Krmw_publisher_t[m[K
[1.418s] [01m[K/home/ardra/ros2_tut/src/ros2_fundementals_examples/src/cpp_minimal_publisher.cpp:15:5:[m[K [01;31m[Kerror: [m[K‘[01m[Ktimer_[m[K’ was not declared in this scope; did you mean ‘[01m[Ktimer_t[m[K’?
[1.418s]    15 |     [01;31m[Ktimer_[m[K = create_wall_timer(500ms, std::bind(&MinimalPublisher::timer_callback, this));
[1.419s]       |     [01;31m[K^~~~~~[m[K
[1.419s]       |     [32m[Ktimer_t[m[K
[1.428s] [01m[K/home/ardra/ros2_tut/src/ros2_fundementals_examples/src/cpp_minimal_publisher.cpp:[m[K In member function ‘[01m[Kvoid MinimalPublisher::[01;32m[Ktimer_callback[m[K()[m[K’:
[1.428s] [01m[K/home/ardra/ros2_tut/src/ros2_fundementals_examples/src/cpp_minimal_publisher.cpp:32:5:[m[K [01;31m[Kerror: [m[K‘[01m[Kpublisher_[m[K’ was not declared in this scope; did you mean ‘[01m[Krmw_publisher_t[m[K’?
[1.428s]    32 |     [01;31m[Kpublisher_[m[K->publish(message);
[1.428s]       |     [01;31m[K^~~~~~~~~~[m[K
[1.428s]       |     [32m[Krmw_publisher_t[m[K
[2.016s] gmake[2]: *** [CMakeFiles/cpp_minimal_publisher.dir/build.make:76: CMakeFiles/cpp_minimal_publisher.dir/src/cpp_minimal_publisher.cpp.o] Error 1
[2.016s] gmake[1]: *** [CMakeFiles/Makefile2:137: CMakeFiles/cpp_minimal_publisher.dir/all] Error 2
[2.017s] gmake: *** [Makefile:146: all] Error 2
[2.019s] Invoked command in '/home/ardra/ros2_tut/build/ros2_fundementals_examples' returned '2': CMAKE_PREFIX_PATH=${CMAKE_PREFIX_PATH}:/home/ardra/magician_ros2_ws/install/dobot_visualization_tools:/home/ardra/magician_ros2_ws/install/dobot_state_updater:/home/ardra/magician_ros2_ws/install/dobot_motion:/home/ardra/magician_ros2_ws/install/dobot_kinematics:/home/ardra/magician_ros2_ws/install/dobot_homing:/home/ardra/magician_ros2_ws/install/dobot_end_effector:/home/ardra/magician_ros2_ws/install/dobot_diagnostics:/home/ardra/magician_ros2_ws/install/dobot_demos:/home/ardra/magician_ros2_ws/install/dobot_control_panel:/home/ardra/magician_ros2_ws/install/dobot_bringup:/opt/ros/jazzy DEBUGINFOD_URLS=https://debuginfod.ubuntu.com /usr/bin/cmake --build /home/ardra/ros2_tut/build/ros2_fundementals_examples -- -j16 -l16
