[0.016s] Invoking command in '/home/ardra/ros2_tut/build/ros2_fundementals': CMAKE_PREFIX_PATH=${CMAKE_PREFIX_PATH}:/home/ardra/magician_ros2_ws/install/dobot_visualization_tools:/home/ardra/magician_ros2_ws/install/dobot_state_updater:/home/ardra/magician_ros2_ws/install/dobot_motion:/home/ardra/magician_ros2_ws/install/dobot_kinematics:/home/ardra/magician_ros2_ws/install/dobot_homing:/home/ardra/magician_ros2_ws/install/dobot_end_effector:/home/ardra/magician_ros2_ws/install/dobot_diagnostics:/home/ardra/magician_ros2_ws/install/dobot_demos:/home/ardra/magician_ros2_ws/install/dobot_control_panel:/home/ardra/magician_ros2_ws/install/dobot_bringup:/opt/ros/jazzy DEBUGINFOD_URLS=https://debuginfod.ubuntu.com /usr/bin/cmake --build /home/ardra/ros2_tut/build/ros2_fundementals -- -j16 -l16
[0.044s] Invoked command in '/home/ardra/ros2_tut/build/ros2_fundementals' returned '0': CMAKE_PREFIX_PATH=${CMAKE_PREFIX_PATH}:/home/ardra/magician_ros2_ws/install/dobot_visualization_tools:/home/ardra/magician_ros2_ws/install/dobot_state_updater:/home/ardra/magician_ros2_ws/install/dobot_motion:/home/ardra/magician_ros2_ws/install/dobot_kinematics:/home/ardra/magician_ros2_ws/install/dobot_homing:/home/ardra/magician_ros2_ws/install/dobot_end_effector:/home/ardra/magician_ros2_ws/install/dobot_diagnostics:/home/ardra/magician_ros2_ws/install/dobot_demos:/home/ardra/magician_ros2_ws/install/dobot_control_panel:/home/ardra/magician_ros2_ws/install/dobot_bringup:/opt/ros/jazzy DEBUGINFOD_URLS=https://debuginfod.ubuntu.com /usr/bin/cmake --build /home/ardra/ros2_tut/build/ros2_fundementals -- -j16 -l16
[0.050s] Invoking command in '/home/ardra/ros2_tut/build/ros2_fundementals': CMAKE_PREFIX_PATH=${CMAKE_PREFIX_PATH}:/home/ardra/magician_ros2_ws/install/dobot_visualization_tools:/home/ardra/magician_ros2_ws/install/dobot_state_updater:/home/ardra/magician_ros2_ws/install/dobot_motion:/home/ardra/magician_ros2_ws/install/dobot_kinematics:/home/ardra/magician_ros2_ws/install/dobot_homing:/home/ardra/magician_ros2_ws/install/dobot_end_effector:/home/ardra/magician_ros2_ws/install/dobot_diagnostics:/home/ardra/magician_ros2_ws/install/dobot_demos:/home/ardra/magician_ros2_ws/install/dobot_control_panel:/home/ardra/magician_ros2_ws/install/dobot_bringup:/opt/ros/jazzy DEBUGINFOD_URLS=https://debuginfod.ubuntu.com /usr/bin/cmake --install /home/ardra/ros2_tut/build/ros2_fundementals
[0.055s] -- Install configuration: ""
[0.055s] -- Up-to-date: /home/ardra/ros2_tut/install/ros2_fundementals/share/ament_index/resource_index/package_run_dependencies/ros2_fundementals
[0.055s] -- Up-to-date: /home/ardra/ros2_tut/install/ros2_fundementals/share/ament_index/resource_index/parent_prefix_path/ros2_fundementals
[0.055s] -- Up-to-date: /home/ardra/ros2_tut/install/ros2_fundementals/share/ros2_fundementals/environment/ament_prefix_path.sh
[0.055s] -- Up-to-date: /home/ardra/ros2_tut/install/ros2_fundementals/share/ros2_fundementals/environment/ament_prefix_path.dsv
[0.055s] -- Up-to-date: /home/ardra/ros2_tut/install/ros2_fundementals/share/ros2_fundementals/environment/path.sh
[0.055s] -- Up-to-date: /home/ardra/ros2_tut/install/ros2_fundementals/share/ros2_fundementals/environment/path.dsv
[0.055s] -- Up-to-date: /home/ardra/ros2_tut/install/ros2_fundementals/share/ros2_fundementals/local_setup.bash
[0.055s] -- Up-to-date: /home/ardra/ros2_tut/install/ros2_fundementals/share/ros2_fundementals/local_setup.sh
[0.055s] -- Up-to-date: /home/ardra/ros2_tut/install/ros2_fundementals/share/ros2_fundementals/local_setup.zsh
[0.055s] -- Up-to-date: /home/ardra/ros2_tut/install/ros2_fundementals/share/ros2_fundementals/local_setup.dsv
[0.055s] -- Installing: /home/ardra/ros2_tut/install/ros2_fundementals/share/ros2_fundementals/package.dsv
[0.055s] -- Up-to-date: /home/ardra/ros2_tut/install/ros2_fundementals/share/ament_index/resource_index/packages/ros2_fundementals
[0.055s] -- Up-to-date: /home/ardra/ros2_tut/install/ros2_fundementals/share/ros2_fundementals/cmake/ros2_fundementalsConfig.cmake
[0.055s] -- Up-to-date: /home/ardra/ros2_tut/install/ros2_fundementals/share/ros2_fundementals/cmake/ros2_fundementalsConfig-version.cmake
[0.056s] -- Up-to-date: /home/ardra/ros2_tut/install/ros2_fundementals/share/ros2_fundementals/package.xml
[0.056s] Invoked command in '/home/ardra/ros2_tut/build/ros2_fundementals' returned '0': CMAKE_PREFIX_PATH=${CMAKE_PREFIX_PATH}:/home/ardra/magician_ros2_ws/install/dobot_visualization_tools:/home/ardra/magician_ros2_ws/install/dobot_state_updater:/home/ardra/magician_ros2_ws/install/dobot_motion:/home/ardra/magician_ros2_ws/install/dobot_kinematics:/home/ardra/magician_ros2_ws/install/dobot_homing:/home/ardra/magician_ros2_ws/install/dobot_end_effector:/home/ardra/magician_ros2_ws/install/dobot_diagnostics:/home/ardra/magician_ros2_ws/install/dobot_demos:/home/ardra/magician_ros2_ws/install/dobot_control_panel:/home/ardra/magician_ros2_ws/install/dobot_bringup:/opt/ros/jazzy DEBUGINFOD_URLS=https://debuginfod.ubuntu.com /usr/bin/cmake --install /home/ardra/ros2_tut/build/ros2_fundementals
