[ 40%] Built target gtest_main
[ 40%] Built target gtest
[ 60%] Built target cpp_minimal_publisher
[ 80%] Built target cpp_minimal_subscriber
[100%] Built target cpp_minimal_publisher_test
-- Install configuration: ""
-- Up-to-date: /home/ardra/ros2_tut/install/ros2_fundementals_examples/include
-- Up-to-date: /home/ardra/ros2_tut/install/ros2_fundementals_examples/include/ros2_fundementals_examples
-- Up-to-date: /home/ardra/ros2_tut/install/ros2_fundementals_examples/lib/ros2_fundementals_examples/cpp_minimal_publisher
-- Up-to-date: /home/ardra/ros2_tut/install/ros2_fundementals_examples/lib/ros2_fundementals_examples/cpp_minimal_subscriber
-- Up-to-date: /home/ardra/ros2_tut/install/ros2_fundementals_examples/share/ament_index/resource_index/package_run_dependencies/ros2_fundementals_examples
-- Up-to-date: /home/ardra/ros2_tut/install/ros2_fundementals_examples/share/ament_index/resource_index/parent_prefix_path/ros2_fundementals_examples
-- Up-to-date: /home/ardra/ros2_tut/install/ros2_fundementals_examples/share/ros2_fundementals_examples/environment/ament_prefix_path.sh
-- Up-to-date: /home/ardra/ros2_tut/install/ros2_fundementals_examples/share/ros2_fundementals_examples/environment/ament_prefix_path.dsv
-- Up-to-date: /home/ardra/ros2_tut/install/ros2_fundementals_examples/share/ros2_fundementals_examples/environment/path.sh
-- Up-to-date: /home/ardra/ros2_tut/install/ros2_fundementals_examples/share/ros2_fundementals_examples/environment/path.dsv
-- Up-to-date: /home/ardra/ros2_tut/install/ros2_fundementals_examples/share/ros2_fundementals_examples/local_setup.bash
-- Up-to-date: /home/ardra/ros2_tut/install/ros2_fundementals_examples/share/ros2_fundementals_examples/local_setup.sh
-- Up-to-date: /home/ardra/ros2_tut/install/ros2_fundementals_examples/share/ros2_fundementals_examples/local_setup.zsh
-- Up-to-date: /home/ardra/ros2_tut/install/ros2_fundementals_examples/share/ros2_fundementals_examples/local_setup.dsv
-- Installing: /home/ardra/ros2_tut/install/ros2_fundementals_examples/share/ros2_fundementals_examples/package.dsv
-- Up-to-date: /home/ardra/ros2_tut/install/ros2_fundementals_examples/share/ament_index/resource_index/packages/ros2_fundementals_examples
-- Up-to-date: /home/ardra/ros2_tut/install/ros2_fundementals_examples/share/ros2_fundementals_examples/cmake/ament_cmake_export_include_directories-extras.cmake
-- Up-to-date: /home/ardra/ros2_tut/install/ros2_fundementals_examples/share/ros2_fundementals_examples/cmake/ros2_fundementals_examplesConfig.cmake
-- Up-to-date: /home/ardra/ros2_tut/install/ros2_fundementals_examples/share/ros2_fundementals_examples/cmake/ros2_fundementals_examplesConfig-version.cmake
-- Up-to-date: /home/ardra/ros2_tut/install/ros2_fundementals_examples/share/ros2_fundementals_examples/package.xml
