-- The C compiler identification is GNU 13.3.0
-- The CXX compiler identification is GNU 13.3.0
-- Detecting C compiler ABI info
-- Detecting C compiler ABI info - done
-- Check for working C compiler: /usr/bin/cc - skipped
-- Detecting C compile features
-- Detecting C compile features - done
-- Detecting CXX compiler ABI info
-- Detecting CXX compiler ABI info - done
-- Check for working CXX compiler: /usr/bin/c++ - skipped
-- Detecting CXX compile features
-- Detecting CXX compile features - done
-- Found ament_cmake: 2.5.6 (/opt/ros/jazzy/share/ament_cmake/cmake)
-- Found Python3: /usr/bin/python3 (found version "3.12.3") found components: Interpreter 
-- Found ament_lint_auto: 0.17.5 (/opt/ros/jazzy/share/ament_lint_auto/cmake)
-- Added test 'lint_cmake' to check CMake code style
-- Added test 'xmllint' to check XML markup files
-- Configuring done (0.7s)
-- Generating done (0.0s)
-- Build files have been written to: /home/ardra/ros2_tut/build/ros2_fundementals
-- Install configuration: ""
-- Installing: /home/ardra/ros2_tut/install/ros2_fundementals/share/ament_index/resource_index/package_run_dependencies/ros2_fundementals
-- Installing: /home/ardra/ros2_tut/install/ros2_fundementals/share/ament_index/resource_index/parent_prefix_path/ros2_fundementals
-- Installing: /home/ardra/ros2_tut/install/ros2_fundementals/share/ros2_fundementals/environment/ament_prefix_path.sh
-- Installing: /home/ardra/ros2_tut/install/ros2_fundementals/share/ros2_fundementals/environment/ament_prefix_path.dsv
-- Installing: /home/ardra/ros2_tut/install/ros2_fundementals/share/ros2_fundementals/environment/path.sh
-- Installing: /home/ardra/ros2_tut/install/ros2_fundementals/share/ros2_fundementals/environment/path.dsv
-- Installing: /home/ardra/ros2_tut/install/ros2_fundementals/share/ros2_fundementals/local_setup.bash
-- Installing: /home/ardra/ros2_tut/install/ros2_fundementals/share/ros2_fundementals/local_setup.sh
-- Installing: /home/ardra/ros2_tut/install/ros2_fundementals/share/ros2_fundementals/local_setup.zsh
-- Installing: /home/ardra/ros2_tut/install/ros2_fundementals/share/ros2_fundementals/local_setup.dsv
-- Installing: /home/ardra/ros2_tut/install/ros2_fundementals/share/ros2_fundementals/package.dsv
-- Installing: /home/ardra/ros2_tut/install/ros2_fundementals/share/ament_index/resource_index/packages/ros2_fundementals
-- Installing: /home/ardra/ros2_tut/install/ros2_fundementals/share/ros2_fundementals/cmake/ros2_fundementalsConfig.cmake
-- Installing: /home/ardra/ros2_tut/install/ros2_fundementals/share/ros2_fundementals/cmake/ros2_fundementalsConfig-version.cmake
-- Installing: /home/ardra/ros2_tut/install/ros2_fundementals/share/ros2_fundementals/package.xml
