[0.011s] Invoking command in '/home/ardra/ros2_tut/build/ros2_fundementals_examples': CMAKE_PREFIX_PATH=${CMAKE_PREFIX_PATH}:/home/ardra/magician_ros2_ws/install/dobot_visualization_tools:/home/ardra/magician_ros2_ws/install/dobot_state_updater:/home/ardra/magician_ros2_ws/install/dobot_motion:/home/ardra/magician_ros2_ws/install/dobot_kinematics:/home/ardra/magician_ros2_ws/install/dobot_homing:/home/ardra/magician_ros2_ws/install/dobot_end_effector:/home/ardra/magician_ros2_ws/install/dobot_diagnostics:/home/ardra/magician_ros2_ws/install/dobot_demos:/home/ardra/magician_ros2_ws/install/dobot_control_panel:/home/ardra/magician_ros2_ws/install/dobot_bringup:/opt/ros/jazzy DEBUGINFOD_URLS=https://debuginfod.ubuntu.com /usr/bin/cmake /home/ardra/ros2_tut/src/ros2_fundementals_examples -DCMAKE_EXPORT_COMPILE_COMMANDS=ON -DCMAKE_INSTALL_PREFIX=/home/ardra/ros2_tut/install/ros2_fundementals_examples
[0.021s] -- Found ament_cmake: 2.5.6 (/opt/ros/jazzy/share/ament_cmake/cmake)
[0.180s] -- Found ament_lint_auto: 0.17.5 (/opt/ros/jazzy/share/ament_lint_auto/cmake)
[0.248s] -- Added test 'cppcheck' to perform static code analysis on C / C++ code
[0.248s] -- Configured cppcheck include dirs: 
[0.248s] -- Configured cppcheck exclude dirs and/or files: 
[0.250s] -- Added test 'lint_cmake' to check CMake code style
[0.250s] -- Added test 'uncrustify' to check C / C++ code style
[0.251s] -- Configured uncrustify additional arguments: 
[0.251s] -- Added test 'xmllint' to check XML markup files
[0.252s] -- Configuring done (0.2s)
[0.255s] -- Generating done (0.0s)
[0.256s] [33mCMake Warning:
[0.256s]   Manually-specified variables were not used by the project:
[0.256s] 
[0.256s]     CMAKE_EXPORT_COMPILE_COMMANDS
[0.256s] 
[0.256s] [0m
[0.257s] -- Build files have been written to: /home/ardra/ros2_tut/build/ros2_fundementals_examples
[0.258s] Invoked command in '/home/ardra/ros2_tut/build/ros2_fundementals_examples' returned '0': CMAKE_PREFIX_PATH=${CMAKE_PREFIX_PATH}:/home/ardra/magician_ros2_ws/install/dobot_visualization_tools:/home/ardra/magician_ros2_ws/install/dobot_state_updater:/home/ardra/magician_ros2_ws/install/dobot_motion:/home/ardra/magician_ros2_ws/install/dobot_kinematics:/home/ardra/magician_ros2_ws/install/dobot_homing:/home/ardra/magician_ros2_ws/install/dobot_end_effector:/home/ardra/magician_ros2_ws/install/dobot_diagnostics:/home/ardra/magician_ros2_ws/install/dobot_demos:/home/ardra/magician_ros2_ws/install/dobot_control_panel:/home/ardra/magician_ros2_ws/install/dobot_bringup:/opt/ros/jazzy DEBUGINFOD_URLS=https://debuginfod.ubuntu.com /usr/bin/cmake /home/ardra/ros2_tut/src/ros2_fundementals_examples -DCMAKE_EXPORT_COMPILE_COMMANDS=ON -DCMAKE_INSTALL_PREFIX=/home/ardra/ros2_tut/install/ros2_fundementals_examples
[0.259s] Invoking command in '/home/ardra/ros2_tut/build/ros2_fundementals_examples': CMAKE_PREFIX_PATH=${CMAKE_PREFIX_PATH}:/home/ardra/magician_ros2_ws/install/dobot_visualization_tools:/home/ardra/magician_ros2_ws/install/dobot_state_updater:/home/ardra/magician_ros2_ws/install/dobot_motion:/home/ardra/magician_ros2_ws/install/dobot_kinematics:/home/ardra/magician_ros2_ws/install/dobot_homing:/home/ardra/magician_ros2_ws/install/dobot_end_effector:/home/ardra/magician_ros2_ws/install/dobot_diagnostics:/home/ardra/magician_ros2_ws/install/dobot_demos:/home/ardra/magician_ros2_ws/install/dobot_control_panel:/home/ardra/magician_ros2_ws/install/dobot_bringup:/opt/ros/jazzy DEBUGINFOD_URLS=https://debuginfod.ubuntu.com /usr/bin/cmake --build /home/ardra/ros2_tut/build/ros2_fundementals_examples -- -j16 -l16
[0.288s] Invoked command in '/home/ardra/ros2_tut/build/ros2_fundementals_examples' returned '0': CMAKE_PREFIX_PATH=${CMAKE_PREFIX_PATH}:/home/ardra/magician_ros2_ws/install/dobot_visualization_tools:/home/ardra/magician_ros2_ws/install/dobot_state_updater:/home/ardra/magician_ros2_ws/install/dobot_motion:/home/ardra/magician_ros2_ws/install/dobot_kinematics:/home/ardra/magician_ros2_ws/install/dobot_homing:/home/ardra/magician_ros2_ws/install/dobot_end_effector:/home/ardra/magician_ros2_ws/install/dobot_diagnostics:/home/ardra/magician_ros2_ws/install/dobot_demos:/home/ardra/magician_ros2_ws/install/dobot_control_panel:/home/ardra/magician_ros2_ws/install/dobot_bringup:/opt/ros/jazzy DEBUGINFOD_URLS=https://debuginfod.ubuntu.com /usr/bin/cmake --build /home/ardra/ros2_tut/build/ros2_fundementals_examples -- -j16 -l16
[0.289s] Invoking command in '/home/ardra/ros2_tut/build/ros2_fundementals_examples': CMAKE_PREFIX_PATH=${CMAKE_PREFIX_PATH}:/home/ardra/magician_ros2_ws/install/dobot_visualization_tools:/home/ardra/magician_ros2_ws/install/dobot_state_updater:/home/ardra/magician_ros2_ws/install/dobot_motion:/home/ardra/magician_ros2_ws/install/dobot_kinematics:/home/ardra/magician_ros2_ws/install/dobot_homing:/home/ardra/magician_ros2_ws/install/dobot_end_effector:/home/ardra/magician_ros2_ws/install/dobot_diagnostics:/home/ardra/magician_ros2_ws/install/dobot_demos:/home/ardra/magician_ros2_ws/install/dobot_control_panel:/home/ardra/magician_ros2_ws/install/dobot_bringup:/opt/ros/jazzy DEBUGINFOD_URLS=https://debuginfod.ubuntu.com /usr/bin/cmake --install /home/ardra/ros2_tut/build/ros2_fundementals_examples
[0.295s] -- Install configuration: ""
[0.295s] -- Up-to-date: /home/ardra/ros2_tut/install/ros2_fundementals_examples/share/ament_index/resource_index/package_run_dependencies/ros2_fundementals_examples
[0.295s] -- Up-to-date: /home/ardra/ros2_tut/install/ros2_fundementals_examples/share/ament_index/resource_index/parent_prefix_path/ros2_fundementals_examples
[0.295s] -- Up-to-date: /home/ardra/ros2_tut/install/ros2_fundementals_examples/share/ros2_fundementals_examples/environment/ament_prefix_path.sh
[0.295s] -- Up-to-date: /home/ardra/ros2_tut/install/ros2_fundementals_examples/share/ros2_fundementals_examples/environment/ament_prefix_path.dsv
[0.296s] -- Up-to-date: /home/ardra/ros2_tut/install/ros2_fundementals_examples/share/ros2_fundementals_examples/environment/path.sh
[0.296s] -- Up-to-date: /home/ardra/ros2_tut/install/ros2_fundementals_examples/share/ros2_fundementals_examples/environment/path.dsv
[0.296s] -- Up-to-date: /home/ardra/ros2_tut/install/ros2_fundementals_examples/share/ros2_fundementals_examples/local_setup.bash
[0.296s] -- Up-to-date: /home/ardra/ros2_tut/install/ros2_fundementals_examples/share/ros2_fundementals_examples/local_setup.sh
[0.296s] -- Up-to-date: /home/ardra/ros2_tut/install/ros2_fundementals_examples/share/ros2_fundementals_examples/local_setup.zsh
[0.296s] -- Up-to-date: /home/ardra/ros2_tut/install/ros2_fundementals_examples/share/ros2_fundementals_examples/local_setup.dsv
[0.296s] -- Up-to-date: /home/ardra/ros2_tut/install/ros2_fundementals_examples/share/ros2_fundementals_examples/package.dsv
[0.296s] -- Up-to-date: /home/ardra/ros2_tut/install/ros2_fundementals_examples/share/ament_index/resource_index/packages/ros2_fundementals_examples
[0.296s] -- Up-to-date: /home/ardra/ros2_tut/install/ros2_fundementals_examples/share/ros2_fundementals_examples/cmake/ros2_fundementals_examplesConfig.cmake
[0.296s] -- Up-to-date: /home/ardra/ros2_tut/install/ros2_fundementals_examples/share/ros2_fundementals_examples/cmake/ros2_fundementals_examplesConfig-version.cmake
[0.296s] -- Up-to-date: /home/ardra/ros2_tut/install/ros2_fundementals_examples/share/ros2_fundementals_examples/package.xml
[0.316s] Invoked command in '/home/ardra/ros2_tut/build/ros2_fundementals_examples' returned '0': CMAKE_PREFIX_PATH=${CMAKE_PREFIX_PATH}:/home/ardra/magician_ros2_ws/install/dobot_visualization_tools:/home/ardra/magician_ros2_ws/install/dobot_state_updater:/home/ardra/magician_ros2_ws/install/dobot_motion:/home/ardra/magician_ros2_ws/install/dobot_kinematics:/home/ardra/magician_ros2_ws/install/dobot_homing:/home/ardra/magician_ros2_ws/install/dobot_end_effector:/home/ardra/magician_ros2_ws/install/dobot_diagnostics:/home/ardra/magician_ros2_ws/install/dobot_demos:/home/ardra/magician_ros2_ws/install/dobot_control_panel:/home/ardra/magician_ros2_ws/install/dobot_bringup:/opt/ros/jazzy DEBUGINFOD_URLS=https://debuginfod.ubuntu.com /usr/bin/cmake --install /home/ardra/ros2_tut/build/ros2_fundementals_examples
