[0.091s] DEBUG:colcon:Command line arguments: ['/usr/bin/colcon', 'build']
[0.091s] DEBUG:colcon:Parsed command line arguments: Namespace(log_base=None, log_level=None, verb_name='build', build_base='build', install_base='install', merge_install=False, symlink_install=False, test_result_base=None, continue_on_error=False, executor='parallel', parallel_workers=16, event_handlers=None, ignore_user_meta=False, metas=['./colcon.meta'], base_paths=['.'], packages_ignore=None, packages_ignore_regex=None, paths=None, packages_up_to=None, packages_up_to_regex=None, packages_above=None, packages_above_and_dependencies=None, packages_above_depth=None, packages_select_by_dep=None, packages_skip_by_dep=None, packages_skip_up_to=None, packages_select_build_failed=False, packages_skip_build_finished=False, packages_select_test_failures=False, packages_skip_test_passed=False, packages_select=None, packages_skip=None, packages_select_regex=None, packages_skip_regex=None, packages_start=None, packages_end=None, allow_overriding=[], cmake_args=None, cmake_target=None, cmake_target_skip_unavailable=False, cmake_clean_cache=False, cmake_clean_first=False, cmake_force_configure=False, ament_cmake_args=None, catkin_cmake_args=None, catkin_skip_building_tests=False, mixin_files=None, mixin=None, verb_parser=<colcon_mixin.mixin.mixin_argument.MixinArgumentDecorator object at 0x7c390ae0c830>, verb_extension=<colcon_core.verb.build.BuildVerb object at 0x7c390ae0c4a0>, main=<bound method BuildVerb.main of <colcon_core.verb.build.BuildVerb object at 0x7c390ae0c4a0>>, mixin_verb=('build',))
[0.119s] Level 1:colcon.colcon_core.package_discovery:discover_packages(colcon_meta) check parameters
[0.119s] Level 1:colcon.colcon_core.package_discovery:discover_packages(recursive) check parameters
[0.119s] Level 1:colcon.colcon_core.package_discovery:discover_packages(ignore) check parameters
[0.119s] Level 1:colcon.colcon_core.package_discovery:discover_packages(path) check parameters
[0.119s] Level 1:colcon.colcon_core.package_discovery:discover_packages(colcon_meta) discover
[0.119s] Level 1:colcon.colcon_core.package_discovery:discover_packages(recursive) discover
[0.119s] INFO:colcon.colcon_core.package_discovery:Crawling recursively for packages in '/home/ardra/ros2_tut'
[0.119s] Level 1:colcon.colcon_core.package_identification:_identify(.) by extensions ['ignore', 'ignore_ament_install']
[0.119s] Level 1:colcon.colcon_core.package_identification:_identify(.) by extension 'ignore'
[0.119s] Level 1:colcon.colcon_core.package_identification:_identify(.) by extension 'ignore_ament_install'
[0.119s] Level 1:colcon.colcon_core.package_identification:_identify(.) by extensions ['colcon_pkg']
[0.119s] Level 1:colcon.colcon_core.package_identification:_identify(.) by extension 'colcon_pkg'
[0.119s] Level 1:colcon.colcon_core.package_identification:_identify(.) by extensions ['colcon_meta']
[0.119s] Level 1:colcon.colcon_core.package_identification:_identify(.) by extension 'colcon_meta'
[0.119s] Level 1:colcon.colcon_core.package_identification:_identify(.) by extensions ['ros']
[0.119s] Level 1:colcon.colcon_core.package_identification:_identify(.) by extension 'ros'
[0.138s] Level 1:colcon.colcon_core.package_identification:_identify(.) by extensions ['cmake', 'python']
[0.138s] Level 1:colcon.colcon_core.package_identification:_identify(.) by extension 'cmake'
[0.138s] Level 1:colcon.colcon_core.package_identification:_identify(.) by extension 'python'
[0.138s] Level 1:colcon.colcon_core.package_identification:_identify(.) by extensions ['python_setup_py']
[0.138s] Level 1:colcon.colcon_core.package_identification:_identify(.) by extension 'python_setup_py'
[0.138s] Level 1:colcon.colcon_core.package_identification:_identify(build) by extensions ['ignore', 'ignore_ament_install']
[0.138s] Level 1:colcon.colcon_core.package_identification:_identify(build) by extension 'ignore'
[0.138s] Level 1:colcon.colcon_core.package_identification:_identify(build) ignored
[0.138s] Level 1:colcon.colcon_core.package_identification:_identify(install) by extensions ['ignore', 'ignore_ament_install']
[0.138s] Level 1:colcon.colcon_core.package_identification:_identify(install) by extension 'ignore'
[0.138s] Level 1:colcon.colcon_core.package_identification:_identify(install) ignored
[0.138s] Level 1:colcon.colcon_core.package_identification:_identify(log) by extensions ['ignore', 'ignore_ament_install']
[0.138s] Level 1:colcon.colcon_core.package_identification:_identify(log) by extension 'ignore'
[0.138s] Level 1:colcon.colcon_core.package_identification:_identify(log) ignored
[0.138s] Level 1:colcon.colcon_core.package_identification:_identify(src) by extensions ['ignore', 'ignore_ament_install']
[0.138s] Level 1:colcon.colcon_core.package_identification:_identify(src) by extension 'ignore'
[0.138s] Level 1:colcon.colcon_core.package_identification:_identify(src) by extension 'ignore_ament_install'
[0.138s] Level 1:colcon.colcon_core.package_identification:_identify(src) by extensions ['colcon_pkg']
[0.138s] Level 1:colcon.colcon_core.package_identification:_identify(src) by extension 'colcon_pkg'
[0.138s] Level 1:colcon.colcon_core.package_identification:_identify(src) by extensions ['colcon_meta']
[0.138s] Level 1:colcon.colcon_core.package_identification:_identify(src) by extension 'colcon_meta'
[0.139s] Level 1:colcon.colcon_core.package_identification:_identify(src) by extensions ['ros']
[0.139s] Level 1:colcon.colcon_core.package_identification:_identify(src) by extension 'ros'
[0.139s] Level 1:colcon.colcon_core.package_identification:_identify(src) by extensions ['cmake', 'python']
[0.139s] Level 1:colcon.colcon_core.package_identification:_identify(src) by extension 'cmake'
[0.139s] Level 1:colcon.colcon_core.package_identification:_identify(src) by extension 'python'
[0.139s] Level 1:colcon.colcon_core.package_identification:_identify(src) by extensions ['python_setup_py']
[0.139s] Level 1:colcon.colcon_core.package_identification:_identify(src) by extension 'python_setup_py'
[0.139s] Level 1:colcon.colcon_core.package_identification:_identify(src/mycobot_ros2) by extensions ['ignore', 'ignore_ament_install']
[0.139s] Level 1:colcon.colcon_core.package_identification:_identify(src/mycobot_ros2) by extension 'ignore'
[0.139s] Level 1:colcon.colcon_core.package_identification:_identify(src/mycobot_ros2) by extension 'ignore_ament_install'
[0.139s] Level 1:colcon.colcon_core.package_identification:_identify(src/mycobot_ros2) by extensions ['colcon_pkg']
[0.139s] Level 1:colcon.colcon_core.package_identification:_identify(src/mycobot_ros2) by extension 'colcon_pkg'
[0.139s] Level 1:colcon.colcon_core.package_identification:_identify(src/mycobot_ros2) by extensions ['colcon_meta']
[0.139s] Level 1:colcon.colcon_core.package_identification:_identify(src/mycobot_ros2) by extension 'colcon_meta'
[0.139s] Level 1:colcon.colcon_core.package_identification:_identify(src/mycobot_ros2) by extensions ['ros']
[0.139s] Level 1:colcon.colcon_core.package_identification:_identify(src/mycobot_ros2) by extension 'ros'
[0.139s] Level 1:colcon.colcon_core.package_identification:_identify(src/mycobot_ros2) by extensions ['cmake', 'python']
[0.139s] Level 1:colcon.colcon_core.package_identification:_identify(src/mycobot_ros2) by extension 'cmake'
[0.139s] Level 1:colcon.colcon_core.package_identification:_identify(src/mycobot_ros2) by extension 'python'
[0.139s] Level 1:colcon.colcon_core.package_identification:_identify(src/mycobot_ros2) by extensions ['python_setup_py']
[0.139s] Level 1:colcon.colcon_core.package_identification:_identify(src/mycobot_ros2) by extension 'python_setup_py'
[0.139s] Level 1:colcon.colcon_core.package_identification:_identify(src/mycobot_ros2/mycobot_description) by extensions ['ignore', 'ignore_ament_install']
[0.139s] Level 1:colcon.colcon_core.package_identification:_identify(src/mycobot_ros2/mycobot_description) by extension 'ignore'
[0.139s] Level 1:colcon.colcon_core.package_identification:_identify(src/mycobot_ros2/mycobot_description) by extension 'ignore_ament_install'
[0.139s] Level 1:colcon.colcon_core.package_identification:_identify(src/mycobot_ros2/mycobot_description) by extensions ['colcon_pkg']
[0.139s] Level 1:colcon.colcon_core.package_identification:_identify(src/mycobot_ros2/mycobot_description) by extension 'colcon_pkg'
[0.139s] Level 1:colcon.colcon_core.package_identification:_identify(src/mycobot_ros2/mycobot_description) by extensions ['colcon_meta']
[0.139s] Level 1:colcon.colcon_core.package_identification:_identify(src/mycobot_ros2/mycobot_description) by extension 'colcon_meta'
[0.139s] Level 1:colcon.colcon_core.package_identification:_identify(src/mycobot_ros2/mycobot_description) by extensions ['ros']
[0.139s] Level 1:colcon.colcon_core.package_identification:_identify(src/mycobot_ros2/mycobot_description) by extension 'ros'
[0.141s] DEBUG:colcon.colcon_core.package_identification:Package 'src/mycobot_ros2/mycobot_description' with type 'ros.ament_cmake' and name 'mycobot_description'
[0.141s] Level 1:colcon.colcon_core.package_identification:_identify(src/mycobot_ros2/mycobot_ros2) by extensions ['ignore', 'ignore_ament_install']
[0.141s] Level 1:colcon.colcon_core.package_identification:_identify(src/mycobot_ros2/mycobot_ros2) by extension 'ignore'
[0.141s] Level 1:colcon.colcon_core.package_identification:_identify(src/mycobot_ros2/mycobot_ros2) by extension 'ignore_ament_install'
[0.141s] Level 1:colcon.colcon_core.package_identification:_identify(src/mycobot_ros2/mycobot_ros2) by extensions ['colcon_pkg']
[0.141s] Level 1:colcon.colcon_core.package_identification:_identify(src/mycobot_ros2/mycobot_ros2) by extension 'colcon_pkg'
[0.141s] Level 1:colcon.colcon_core.package_identification:_identify(src/mycobot_ros2/mycobot_ros2) by extensions ['colcon_meta']
[0.141s] Level 1:colcon.colcon_core.package_identification:_identify(src/mycobot_ros2/mycobot_ros2) by extension 'colcon_meta'
[0.141s] Level 1:colcon.colcon_core.package_identification:_identify(src/mycobot_ros2/mycobot_ros2) by extensions ['ros']
[0.141s] Level 1:colcon.colcon_core.package_identification:_identify(src/mycobot_ros2/mycobot_ros2) by extension 'ros'
[0.142s] DEBUG:colcon.colcon_core.package_identification:Package 'src/mycobot_ros2/mycobot_ros2' with type 'ros.ament_cmake' and name 'mycobot_ros2'
[0.142s] Level 1:colcon.colcon_core.package_identification:_identify(src/ros2_fundementals) by extensions ['ignore', 'ignore_ament_install']
[0.142s] Level 1:colcon.colcon_core.package_identification:_identify(src/ros2_fundementals) by extension 'ignore'
[0.142s] Level 1:colcon.colcon_core.package_identification:_identify(src/ros2_fundementals) by extension 'ignore_ament_install'
[0.142s] Level 1:colcon.colcon_core.package_identification:_identify(src/ros2_fundementals) by extensions ['colcon_pkg']
[0.142s] Level 1:colcon.colcon_core.package_identification:_identify(src/ros2_fundementals) by extension 'colcon_pkg'
[0.142s] Level 1:colcon.colcon_core.package_identification:_identify(src/ros2_fundementals) by extensions ['colcon_meta']
[0.142s] Level 1:colcon.colcon_core.package_identification:_identify(src/ros2_fundementals) by extension 'colcon_meta'
[0.142s] Level 1:colcon.colcon_core.package_identification:_identify(src/ros2_fundementals) by extensions ['ros']
[0.142s] Level 1:colcon.colcon_core.package_identification:_identify(src/ros2_fundementals) by extension 'ros'
[0.142s] DEBUG:colcon.colcon_core.package_identification:Package 'src/ros2_fundementals' with type 'ros.ament_cmake' and name 'ros2_fundementals'
[0.142s] Level 1:colcon.colcon_core.package_identification:_identify(src/ros2_fundementals_examples) by extensions ['ignore', 'ignore_ament_install']
[0.142s] Level 1:colcon.colcon_core.package_identification:_identify(src/ros2_fundementals_examples) by extension 'ignore'
[0.142s] Level 1:colcon.colcon_core.package_identification:_identify(src/ros2_fundementals_examples) by extension 'ignore_ament_install'
[0.142s] Level 1:colcon.colcon_core.package_identification:_identify(src/ros2_fundementals_examples) by extensions ['colcon_pkg']
[0.142s] Level 1:colcon.colcon_core.package_identification:_identify(src/ros2_fundementals_examples) by extension 'colcon_pkg'
[0.142s] Level 1:colcon.colcon_core.package_identification:_identify(src/ros2_fundementals_examples) by extensions ['colcon_meta']
[0.142s] Level 1:colcon.colcon_core.package_identification:_identify(src/ros2_fundementals_examples) by extension 'colcon_meta'
[0.142s] Level 1:colcon.colcon_core.package_identification:_identify(src/ros2_fundementals_examples) by extensions ['ros']
[0.142s] Level 1:colcon.colcon_core.package_identification:_identify(src/ros2_fundementals_examples) by extension 'ros'
[0.143s] DEBUG:colcon.colcon_core.package_identification:Package 'src/ros2_fundementals_examples' with type 'ros.ament_cmake' and name 'ros2_fundementals_examples'
[0.143s] Level 1:colcon.colcon_core.package_discovery:discover_packages(recursive) using defaults
[0.143s] Level 1:colcon.colcon_core.package_discovery:discover_packages(ignore) discover
[0.143s] Level 1:colcon.colcon_core.package_discovery:discover_packages(ignore) using defaults
[0.143s] Level 1:colcon.colcon_core.package_discovery:discover_packages(path) discover
[0.143s] Level 1:colcon.colcon_core.package_discovery:discover_packages(path) using defaults
[0.157s] Level 1:colcon.colcon_core.package_discovery:discover_packages(prefix_path) check parameters
[0.157s] Level 1:colcon.colcon_core.package_discovery:discover_packages(prefix_path) discover
[0.159s] DEBUG:colcon.colcon_installed_package_information.package_discovery:Found 2 installed packages in /home/ardra/ros2_tut/install
[0.159s] DEBUG:colcon.colcon_installed_package_information.package_discovery:Found 13 installed packages in /home/ardra/magician_ros2_ws/install
[0.161s] DEBUG:colcon.colcon_installed_package_information.package_discovery:Found 450 installed packages in /opt/ros/jazzy
[0.161s] Level 1:colcon.colcon_core.package_discovery:discover_packages(prefix_path) using defaults
[0.203s] Level 5:colcon.colcon_core.verb:set package 'mycobot_description' build argument 'cmake_args' from command line to 'None'
[0.203s] Level 5:colcon.colcon_core.verb:set package 'mycobot_description' build argument 'cmake_target' from command line to 'None'
[0.203s] Level 5:colcon.colcon_core.verb:set package 'mycobot_description' build argument 'cmake_target_skip_unavailable' from command line to 'False'
[0.203s] Level 5:colcon.colcon_core.verb:set package 'mycobot_description' build argument 'cmake_clean_cache' from command line to 'False'
[0.203s] Level 5:colcon.colcon_core.verb:set package 'mycobot_description' build argument 'cmake_clean_first' from command line to 'False'
[0.203s] Level 5:colcon.colcon_core.verb:set package 'mycobot_description' build argument 'cmake_force_configure' from command line to 'False'
[0.203s] Level 5:colcon.colcon_core.verb:set package 'mycobot_description' build argument 'ament_cmake_args' from command line to 'None'
[0.203s] Level 5:colcon.colcon_core.verb:set package 'mycobot_description' build argument 'catkin_cmake_args' from command line to 'None'
[0.203s] Level 5:colcon.colcon_core.verb:set package 'mycobot_description' build argument 'catkin_skip_building_tests' from command line to 'False'
[0.203s] DEBUG:colcon.colcon_core.verb:Building package 'mycobot_description' with the following arguments: {'ament_cmake_args': None, 'build_base': '/home/ardra/ros2_tut/build/mycobot_description', 'catkin_cmake_args': None, 'catkin_skip_building_tests': False, 'cmake_args': None, 'cmake_clean_cache': False, 'cmake_clean_first': False, 'cmake_force_configure': False, 'cmake_target': None, 'cmake_target_skip_unavailable': False, 'install_base': '/home/ardra/ros2_tut/install/mycobot_description', 'merge_install': False, 'path': '/home/ardra/ros2_tut/src/mycobot_ros2/mycobot_description', 'symlink_install': False, 'test_result_base': None}
[0.203s] Level 5:colcon.colcon_core.verb:set package 'ros2_fundementals' build argument 'cmake_args' from command line to 'None'
[0.203s] Level 5:colcon.colcon_core.verb:set package 'ros2_fundementals' build argument 'cmake_target' from command line to 'None'
[0.203s] Level 5:colcon.colcon_core.verb:set package 'ros2_fundementals' build argument 'cmake_target_skip_unavailable' from command line to 'False'
[0.203s] Level 5:colcon.colcon_core.verb:set package 'ros2_fundementals' build argument 'cmake_clean_cache' from command line to 'False'
[0.203s] Level 5:colcon.colcon_core.verb:set package 'ros2_fundementals' build argument 'cmake_clean_first' from command line to 'False'
[0.203s] Level 5:colcon.colcon_core.verb:set package 'ros2_fundementals' build argument 'cmake_force_configure' from command line to 'False'
[0.203s] Level 5:colcon.colcon_core.verb:set package 'ros2_fundementals' build argument 'ament_cmake_args' from command line to 'None'
[0.203s] Level 5:colcon.colcon_core.verb:set package 'ros2_fundementals' build argument 'catkin_cmake_args' from command line to 'None'
[0.203s] Level 5:colcon.colcon_core.verb:set package 'ros2_fundementals' build argument 'catkin_skip_building_tests' from command line to 'False'
[0.203s] DEBUG:colcon.colcon_core.verb:Building package 'ros2_fundementals' with the following arguments: {'ament_cmake_args': None, 'build_base': '/home/ardra/ros2_tut/build/ros2_fundementals', 'catkin_cmake_args': None, 'catkin_skip_building_tests': False, 'cmake_args': None, 'cmake_clean_cache': False, 'cmake_clean_first': False, 'cmake_force_configure': False, 'cmake_target': None, 'cmake_target_skip_unavailable': False, 'install_base': '/home/ardra/ros2_tut/install/ros2_fundementals', 'merge_install': False, 'path': '/home/ardra/ros2_tut/src/ros2_fundementals', 'symlink_install': False, 'test_result_base': None}
[0.204s] Level 5:colcon.colcon_core.verb:set package 'ros2_fundementals_examples' build argument 'cmake_args' from command line to 'None'
[0.204s] Level 5:colcon.colcon_core.verb:set package 'ros2_fundementals_examples' build argument 'cmake_target' from command line to 'None'
[0.204s] Level 5:colcon.colcon_core.verb:set package 'ros2_fundementals_examples' build argument 'cmake_target_skip_unavailable' from command line to 'False'
[0.204s] Level 5:colcon.colcon_core.verb:set package 'ros2_fundementals_examples' build argument 'cmake_clean_cache' from command line to 'False'
[0.204s] Level 5:colcon.colcon_core.verb:set package 'ros2_fundementals_examples' build argument 'cmake_clean_first' from command line to 'False'
[0.204s] Level 5:colcon.colcon_core.verb:set package 'ros2_fundementals_examples' build argument 'cmake_force_configure' from command line to 'False'
[0.204s] Level 5:colcon.colcon_core.verb:set package 'ros2_fundementals_examples' build argument 'ament_cmake_args' from command line to 'None'
[0.204s] Level 5:colcon.colcon_core.verb:set package 'ros2_fundementals_examples' build argument 'catkin_cmake_args' from command line to 'None'
[0.204s] Level 5:colcon.colcon_core.verb:set package 'ros2_fundementals_examples' build argument 'catkin_skip_building_tests' from command line to 'False'
[0.204s] DEBUG:colcon.colcon_core.verb:Building package 'ros2_fundementals_examples' with the following arguments: {'ament_cmake_args': None, 'build_base': '/home/ardra/ros2_tut/build/ros2_fundementals_examples', 'catkin_cmake_args': None, 'catkin_skip_building_tests': False, 'cmake_args': None, 'cmake_clean_cache': False, 'cmake_clean_first': False, 'cmake_force_configure': False, 'cmake_target': None, 'cmake_target_skip_unavailable': False, 'install_base': '/home/ardra/ros2_tut/install/ros2_fundementals_examples', 'merge_install': False, 'path': '/home/ardra/ros2_tut/src/ros2_fundementals_examples', 'symlink_install': False, 'test_result_base': None}
[0.204s] Level 5:colcon.colcon_core.verb:set package 'mycobot_ros2' build argument 'cmake_args' from command line to 'None'
[0.204s] Level 5:colcon.colcon_core.verb:set package 'mycobot_ros2' build argument 'cmake_target' from command line to 'None'
[0.204s] Level 5:colcon.colcon_core.verb:set package 'mycobot_ros2' build argument 'cmake_target_skip_unavailable' from command line to 'False'
[0.204s] Level 5:colcon.colcon_core.verb:set package 'mycobot_ros2' build argument 'cmake_clean_cache' from command line to 'False'
[0.204s] Level 5:colcon.colcon_core.verb:set package 'mycobot_ros2' build argument 'cmake_clean_first' from command line to 'False'
[0.204s] Level 5:colcon.colcon_core.verb:set package 'mycobot_ros2' build argument 'cmake_force_configure' from command line to 'False'
[0.204s] Level 5:colcon.colcon_core.verb:set package 'mycobot_ros2' build argument 'ament_cmake_args' from command line to 'None'
[0.204s] Level 5:colcon.colcon_core.verb:set package 'mycobot_ros2' build argument 'catkin_cmake_args' from command line to 'None'
[0.204s] Level 5:colcon.colcon_core.verb:set package 'mycobot_ros2' build argument 'catkin_skip_building_tests' from command line to 'False'
[0.204s] DEBUG:colcon.colcon_core.verb:Building package 'mycobot_ros2' with the following arguments: {'ament_cmake_args': None, 'build_base': '/home/ardra/ros2_tut/build/mycobot_ros2', 'catkin_cmake_args': None, 'catkin_skip_building_tests': False, 'cmake_args': None, 'cmake_clean_cache': False, 'cmake_clean_first': False, 'cmake_force_configure': False, 'cmake_target': None, 'cmake_target_skip_unavailable': False, 'install_base': '/home/ardra/ros2_tut/install/mycobot_ros2', 'merge_install': False, 'path': '/home/ardra/ros2_tut/src/mycobot_ros2/mycobot_ros2', 'symlink_install': False, 'test_result_base': None}
[0.204s] INFO:colcon.colcon_core.executor:Executing jobs using 'parallel' executor
[0.205s] DEBUG:colcon.colcon_parallel_executor.executor.parallel:run_until_complete
[0.205s] INFO:colcon.colcon_ros.task.ament_cmake.build:Building ROS package in '/home/ardra/ros2_tut/src/mycobot_ros2/mycobot_description' with build type 'ament_cmake'
[0.205s] INFO:colcon.colcon_cmake.task.cmake.build:Building CMake package in '/home/ardra/ros2_tut/src/mycobot_ros2/mycobot_description'
[0.206s] INFO:colcon.colcon_core.plugin_system:Skipping extension 'colcon_core.shell.bat': Not used on non-Windows systems
[0.206s] INFO:colcon.colcon_core.shell:Skip shell extension 'powershell' for command environment: Not usable outside of PowerShell
[0.206s] DEBUG:colcon.colcon_core.shell:Skip shell extension 'dsv' for command environment
[0.212s] INFO:colcon.colcon_ros.task.ament_cmake.build:Building ROS package in '/home/ardra/ros2_tut/src/ros2_fundementals' with build type 'ament_cmake'
[0.212s] INFO:colcon.colcon_cmake.task.cmake.build:Building CMake package in '/home/ardra/ros2_tut/src/ros2_fundementals'
[0.212s] INFO:colcon.colcon_core.shell:Skip shell extension 'powershell' for command environment: Not usable outside of PowerShell
[0.212s] DEBUG:colcon.colcon_core.shell:Skip shell extension 'dsv' for command environment
[0.216s] INFO:colcon.colcon_ros.task.ament_cmake.build:Building ROS package in '/home/ardra/ros2_tut/src/ros2_fundementals_examples' with build type 'ament_cmake'
[0.216s] INFO:colcon.colcon_cmake.task.cmake.build:Building CMake package in '/home/ardra/ros2_tut/src/ros2_fundementals_examples'
[0.216s] INFO:colcon.colcon_core.shell:Skip shell extension 'powershell' for command environment: Not usable outside of PowerShell
[0.217s] DEBUG:colcon.colcon_core.shell:Skip shell extension 'dsv' for command environment
[0.223s] DEBUG:colcon.colcon_core.event_handler.log_command:Invoking command in '/home/ardra/ros2_tut/build/mycobot_description': CMAKE_PREFIX_PATH=${CMAKE_PREFIX_PATH}:/home/ardra/magician_ros2_ws/install/dobot_visualization_tools:/home/ardra/magician_ros2_ws/install/dobot_state_updater:/home/ardra/magician_ros2_ws/install/dobot_motion:/home/ardra/magician_ros2_ws/install/dobot_kinematics:/home/ardra/magician_ros2_ws/install/dobot_homing:/home/ardra/magician_ros2_ws/install/dobot_end_effector:/home/ardra/magician_ros2_ws/install/dobot_diagnostics:/home/ardra/magician_ros2_ws/install/dobot_demos:/home/ardra/magician_ros2_ws/install/dobot_control_panel:/home/ardra/magician_ros2_ws/install/dobot_bringup:/opt/ros/jazzy DEBUGINFOD_URLS=https://debuginfod.ubuntu.com /usr/bin/cmake /home/ardra/ros2_tut/src/mycobot_ros2/mycobot_description -DCMAKE_INSTALL_PREFIX=/home/ardra/ros2_tut/install/mycobot_description
[0.225s] DEBUG:colcon.colcon_core.event_handler.log_command:Invoking command in '/home/ardra/ros2_tut/build/ros2_fundementals': CMAKE_PREFIX_PATH=${CMAKE_PREFIX_PATH}:/home/ardra/magician_ros2_ws/install/dobot_visualization_tools:/home/ardra/magician_ros2_ws/install/dobot_state_updater:/home/ardra/magician_ros2_ws/install/dobot_motion:/home/ardra/magician_ros2_ws/install/dobot_kinematics:/home/ardra/magician_ros2_ws/install/dobot_homing:/home/ardra/magician_ros2_ws/install/dobot_end_effector:/home/ardra/magician_ros2_ws/install/dobot_diagnostics:/home/ardra/magician_ros2_ws/install/dobot_demos:/home/ardra/magician_ros2_ws/install/dobot_control_panel:/home/ardra/magician_ros2_ws/install/dobot_bringup:/opt/ros/jazzy DEBUGINFOD_URLS=https://debuginfod.ubuntu.com /usr/bin/cmake --build /home/ardra/ros2_tut/build/ros2_fundementals -- -j16 -l16
[0.231s] DEBUG:colcon.colcon_core.event_handler.log_command:Invoking command in '/home/ardra/ros2_tut/build/ros2_fundementals_examples': CMAKE_PREFIX_PATH=${CMAKE_PREFIX_PATH}:/home/ardra/magician_ros2_ws/install/dobot_visualization_tools:/home/ardra/magician_ros2_ws/install/dobot_state_updater:/home/ardra/magician_ros2_ws/install/dobot_motion:/home/ardra/magician_ros2_ws/install/dobot_kinematics:/home/ardra/magician_ros2_ws/install/dobot_homing:/home/ardra/magician_ros2_ws/install/dobot_end_effector:/home/ardra/magician_ros2_ws/install/dobot_diagnostics:/home/ardra/magician_ros2_ws/install/dobot_demos:/home/ardra/magician_ros2_ws/install/dobot_control_panel:/home/ardra/magician_ros2_ws/install/dobot_bringup:/opt/ros/jazzy DEBUGINFOD_URLS=https://debuginfod.ubuntu.com /usr/bin/cmake --build /home/ardra/ros2_tut/build/ros2_fundementals_examples -- -j16 -l16
[0.258s] DEBUG:colcon.colcon_core.event_handler.log_command:Invoked command in '/home/ardra/ros2_tut/build/ros2_fundementals' returned '0': CMAKE_PREFIX_PATH=${CMAKE_PREFIX_PATH}:/home/ardra/magician_ros2_ws/install/dobot_visualization_tools:/home/ardra/magician_ros2_ws/install/dobot_state_updater:/home/ardra/magician_ros2_ws/install/dobot_motion:/home/ardra/magician_ros2_ws/install/dobot_kinematics:/home/ardra/magician_ros2_ws/install/dobot_homing:/home/ardra/magician_ros2_ws/install/dobot_end_effector:/home/ardra/magician_ros2_ws/install/dobot_diagnostics:/home/ardra/magician_ros2_ws/install/dobot_demos:/home/ardra/magician_ros2_ws/install/dobot_control_panel:/home/ardra/magician_ros2_ws/install/dobot_bringup:/opt/ros/jazzy DEBUGINFOD_URLS=https://debuginfod.ubuntu.com /usr/bin/cmake --build /home/ardra/ros2_tut/build/ros2_fundementals -- -j16 -l16
[0.264s] DEBUG:colcon.colcon_core.event_handler.log_command:Invoking command in '/home/ardra/ros2_tut/build/ros2_fundementals': CMAKE_PREFIX_PATH=${CMAKE_PREFIX_PATH}:/home/ardra/magician_ros2_ws/install/dobot_visualization_tools:/home/ardra/magician_ros2_ws/install/dobot_state_updater:/home/ardra/magician_ros2_ws/install/dobot_motion:/home/ardra/magician_ros2_ws/install/dobot_kinematics:/home/ardra/magician_ros2_ws/install/dobot_homing:/home/ardra/magician_ros2_ws/install/dobot_end_effector:/home/ardra/magician_ros2_ws/install/dobot_diagnostics:/home/ardra/magician_ros2_ws/install/dobot_demos:/home/ardra/magician_ros2_ws/install/dobot_control_panel:/home/ardra/magician_ros2_ws/install/dobot_bringup:/opt/ros/jazzy DEBUGINFOD_URLS=https://debuginfod.ubuntu.com /usr/bin/cmake --install /home/ardra/ros2_tut/build/ros2_fundementals
[0.271s] Level 1:colcon.colcon_core.environment:create_environment_scripts_only(ros2_fundementals)
[0.271s] DEBUG:colcon.colcon_core.event_handler.log_command:Invoked command in '/home/ardra/ros2_tut/build/ros2_fundementals' returned '0': CMAKE_PREFIX_PATH=${CMAKE_PREFIX_PATH}:/home/ardra/magician_ros2_ws/install/dobot_visualization_tools:/home/ardra/magician_ros2_ws/install/dobot_state_updater:/home/ardra/magician_ros2_ws/install/dobot_motion:/home/ardra/magician_ros2_ws/install/dobot_kinematics:/home/ardra/magician_ros2_ws/install/dobot_homing:/home/ardra/magician_ros2_ws/install/dobot_end_effector:/home/ardra/magician_ros2_ws/install/dobot_diagnostics:/home/ardra/magician_ros2_ws/install/dobot_demos:/home/ardra/magician_ros2_ws/install/dobot_control_panel:/home/ardra/magician_ros2_ws/install/dobot_bringup:/opt/ros/jazzy DEBUGINFOD_URLS=https://debuginfod.ubuntu.com /usr/bin/cmake --install /home/ardra/ros2_tut/build/ros2_fundementals
[0.284s] Level 1:colcon.colcon_core.environment:checking '/home/ardra/ros2_tut/install/ros2_fundementals' for CMake module files
[0.285s] Level 1:colcon.colcon_core.environment:checking '/home/ardra/ros2_tut/install/ros2_fundementals' for CMake config files
[0.285s] Level 1:colcon.colcon_core.shell:create_environment_hook('ros2_fundementals', 'cmake_prefix_path')
[0.285s] INFO:colcon.colcon_core.shell:Creating environment hook '/home/ardra/ros2_tut/install/ros2_fundementals/share/ros2_fundementals/hook/cmake_prefix_path.ps1'
[0.286s] INFO:colcon.colcon_core.shell:Creating environment descriptor '/home/ardra/ros2_tut/install/ros2_fundementals/share/ros2_fundementals/hook/cmake_prefix_path.dsv'
[0.286s] INFO:colcon.colcon_core.shell:Creating environment hook '/home/ardra/ros2_tut/install/ros2_fundementals/share/ros2_fundementals/hook/cmake_prefix_path.sh'
[0.287s] Level 1:colcon.colcon_core.environment:checking '/home/ardra/ros2_tut/install/ros2_fundementals/bin'
[0.287s] Level 1:colcon.colcon_core.environment:checking '/home/ardra/ros2_tut/install/ros2_fundementals/lib/pkgconfig/ros2_fundementals.pc'
[0.287s] Level 1:colcon.colcon_core.environment:checking '/home/ardra/ros2_tut/install/ros2_fundementals/lib/python3.12/site-packages'
[0.288s] Level 1:colcon.colcon_core.environment:checking '/home/ardra/ros2_tut/install/ros2_fundementals/bin'
[0.288s] INFO:colcon.colcon_core.shell:Creating package script '/home/ardra/ros2_tut/install/ros2_fundementals/share/ros2_fundementals/package.ps1'
[0.288s] INFO:colcon.colcon_core.shell:Creating package descriptor '/home/ardra/ros2_tut/install/ros2_fundementals/share/ros2_fundementals/package.dsv'
[0.289s] INFO:colcon.colcon_core.shell:Creating package script '/home/ardra/ros2_tut/install/ros2_fundementals/share/ros2_fundementals/package.sh'
[0.289s] INFO:colcon.colcon_core.shell:Creating package script '/home/ardra/ros2_tut/install/ros2_fundementals/share/ros2_fundementals/package.bash'
[0.290s] INFO:colcon.colcon_core.shell:Creating package script '/home/ardra/ros2_tut/install/ros2_fundementals/share/ros2_fundementals/package.zsh'
[0.290s] Level 1:colcon.colcon_core.environment:create_file_with_runtime_dependencies(/home/ardra/ros2_tut/install/ros2_fundementals/share/colcon-core/packages/ros2_fundementals)
[0.290s] Level 1:colcon.colcon_core.environment:create_environment_scripts_only(ros2_fundementals)
[0.291s] Level 1:colcon.colcon_core.environment:checking '/home/ardra/ros2_tut/install/ros2_fundementals' for CMake module files
[0.291s] Level 1:colcon.colcon_core.environment:checking '/home/ardra/ros2_tut/install/ros2_fundementals' for CMake config files
[0.291s] Level 1:colcon.colcon_core.shell:create_environment_hook('ros2_fundementals', 'cmake_prefix_path')
[0.291s] INFO:colcon.colcon_core.shell:Creating environment hook '/home/ardra/ros2_tut/install/ros2_fundementals/share/ros2_fundementals/hook/cmake_prefix_path.ps1'
[0.291s] INFO:colcon.colcon_core.shell:Creating environment descriptor '/home/ardra/ros2_tut/install/ros2_fundementals/share/ros2_fundementals/hook/cmake_prefix_path.dsv'
[0.292s] INFO:colcon.colcon_core.shell:Creating environment hook '/home/ardra/ros2_tut/install/ros2_fundementals/share/ros2_fundementals/hook/cmake_prefix_path.sh'
[0.292s] Level 1:colcon.colcon_core.environment:checking '/home/ardra/ros2_tut/install/ros2_fundementals/bin'
[0.292s] Level 1:colcon.colcon_core.environment:checking '/home/ardra/ros2_tut/install/ros2_fundementals/lib/pkgconfig/ros2_fundementals.pc'
[0.292s] Level 1:colcon.colcon_core.environment:checking '/home/ardra/ros2_tut/install/ros2_fundementals/lib/python3.12/site-packages'
[0.292s] Level 1:colcon.colcon_core.environment:checking '/home/ardra/ros2_tut/install/ros2_fundementals/bin'
[0.292s] INFO:colcon.colcon_core.shell:Creating package script '/home/ardra/ros2_tut/install/ros2_fundementals/share/ros2_fundementals/package.ps1'
[0.293s] INFO:colcon.colcon_core.shell:Creating package descriptor '/home/ardra/ros2_tut/install/ros2_fundementals/share/ros2_fundementals/package.dsv'
[0.293s] INFO:colcon.colcon_core.shell:Creating package script '/home/ardra/ros2_tut/install/ros2_fundementals/share/ros2_fundementals/package.sh'
[0.293s] INFO:colcon.colcon_core.shell:Creating package script '/home/ardra/ros2_tut/install/ros2_fundementals/share/ros2_fundementals/package.bash'
[0.294s] INFO:colcon.colcon_core.shell:Creating package script '/home/ardra/ros2_tut/install/ros2_fundementals/share/ros2_fundementals/package.zsh'
[0.294s] Level 1:colcon.colcon_core.environment:create_file_with_runtime_dependencies(/home/ardra/ros2_tut/install/ros2_fundementals/share/colcon-core/packages/ros2_fundementals)
[0.304s] DEBUG:colcon.colcon_core.event_handler.log_command:Invoked command in '/home/ardra/ros2_tut/build/ros2_fundementals_examples' returned '0': CMAKE_PREFIX_PATH=${CMAKE_PREFIX_PATH}:/home/ardra/magician_ros2_ws/install/dobot_visualization_tools:/home/ardra/magician_ros2_ws/install/dobot_state_updater:/home/ardra/magician_ros2_ws/install/dobot_motion:/home/ardra/magician_ros2_ws/install/dobot_kinematics:/home/ardra/magician_ros2_ws/install/dobot_homing:/home/ardra/magician_ros2_ws/install/dobot_end_effector:/home/ardra/magician_ros2_ws/install/dobot_diagnostics:/home/ardra/magician_ros2_ws/install/dobot_demos:/home/ardra/magician_ros2_ws/install/dobot_control_panel:/home/ardra/magician_ros2_ws/install/dobot_bringup:/opt/ros/jazzy DEBUGINFOD_URLS=https://debuginfod.ubuntu.com /usr/bin/cmake --build /home/ardra/ros2_tut/build/ros2_fundementals_examples -- -j16 -l16
[0.305s] DEBUG:colcon.colcon_core.event_handler.log_command:Invoking command in '/home/ardra/ros2_tut/build/ros2_fundementals_examples': CMAKE_PREFIX_PATH=${CMAKE_PREFIX_PATH}:/home/ardra/magician_ros2_ws/install/dobot_visualization_tools:/home/ardra/magician_ros2_ws/install/dobot_state_updater:/home/ardra/magician_ros2_ws/install/dobot_motion:/home/ardra/magician_ros2_ws/install/dobot_kinematics:/home/ardra/magician_ros2_ws/install/dobot_homing:/home/ardra/magician_ros2_ws/install/dobot_end_effector:/home/ardra/magician_ros2_ws/install/dobot_diagnostics:/home/ardra/magician_ros2_ws/install/dobot_demos:/home/ardra/magician_ros2_ws/install/dobot_control_panel:/home/ardra/magician_ros2_ws/install/dobot_bringup:/opt/ros/jazzy DEBUGINFOD_URLS=https://debuginfod.ubuntu.com /usr/bin/cmake --install /home/ardra/ros2_tut/build/ros2_fundementals_examples
[0.316s] Level 1:colcon.colcon_core.environment:create_environment_scripts_only(ros2_fundementals_examples)
[0.317s] Level 1:colcon.colcon_core.environment:checking '/home/ardra/ros2_tut/install/ros2_fundementals_examples' for CMake module files
[0.317s] DEBUG:colcon.colcon_core.event_handler.log_command:Invoked command in '/home/ardra/ros2_tut/build/ros2_fundementals_examples' returned '0': CMAKE_PREFIX_PATH=${CMAKE_PREFIX_PATH}:/home/ardra/magician_ros2_ws/install/dobot_visualization_tools:/home/ardra/magician_ros2_ws/install/dobot_state_updater:/home/ardra/magician_ros2_ws/install/dobot_motion:/home/ardra/magician_ros2_ws/install/dobot_kinematics:/home/ardra/magician_ros2_ws/install/dobot_homing:/home/ardra/magician_ros2_ws/install/dobot_end_effector:/home/ardra/magician_ros2_ws/install/dobot_diagnostics:/home/ardra/magician_ros2_ws/install/dobot_demos:/home/ardra/magician_ros2_ws/install/dobot_control_panel:/home/ardra/magician_ros2_ws/install/dobot_bringup:/opt/ros/jazzy DEBUGINFOD_URLS=https://debuginfod.ubuntu.com /usr/bin/cmake --install /home/ardra/ros2_tut/build/ros2_fundementals_examples
[0.317s] Level 1:colcon.colcon_core.environment:checking '/home/ardra/ros2_tut/install/ros2_fundementals_examples' for CMake config files
[0.318s] Level 1:colcon.colcon_core.shell:create_environment_hook('ros2_fundementals_examples', 'cmake_prefix_path')
[0.318s] INFO:colcon.colcon_core.shell:Creating environment hook '/home/ardra/ros2_tut/install/ros2_fundementals_examples/share/ros2_fundementals_examples/hook/cmake_prefix_path.ps1'
[0.318s] INFO:colcon.colcon_core.shell:Creating environment descriptor '/home/ardra/ros2_tut/install/ros2_fundementals_examples/share/ros2_fundementals_examples/hook/cmake_prefix_path.dsv'
[0.318s] INFO:colcon.colcon_core.shell:Creating environment hook '/home/ardra/ros2_tut/install/ros2_fundementals_examples/share/ros2_fundementals_examples/hook/cmake_prefix_path.sh'
[0.319s] Level 1:colcon.colcon_core.environment:checking '/home/ardra/ros2_tut/install/ros2_fundementals_examples/lib'
[0.319s] Level 1:colcon.colcon_core.environment:checking '/home/ardra/ros2_tut/install/ros2_fundementals_examples/bin'
[0.319s] Level 1:colcon.colcon_core.environment:checking '/home/ardra/ros2_tut/install/ros2_fundementals_examples/lib/pkgconfig/ros2_fundementals_examples.pc'
[0.319s] Level 1:colcon.colcon_core.environment:checking '/home/ardra/ros2_tut/install/ros2_fundementals_examples/lib/python3.12/site-packages'
[0.319s] Level 1:colcon.colcon_core.environment:checking '/home/ardra/ros2_tut/install/ros2_fundementals_examples/bin'
[0.319s] INFO:colcon.colcon_core.shell:Creating package script '/home/ardra/ros2_tut/install/ros2_fundementals_examples/share/ros2_fundementals_examples/package.ps1'
[0.320s] INFO:colcon.colcon_core.shell:Creating package descriptor '/home/ardra/ros2_tut/install/ros2_fundementals_examples/share/ros2_fundementals_examples/package.dsv'
[0.320s] INFO:colcon.colcon_core.shell:Creating package script '/home/ardra/ros2_tut/install/ros2_fundementals_examples/share/ros2_fundementals_examples/package.sh'
[0.320s] INFO:colcon.colcon_core.shell:Creating package script '/home/ardra/ros2_tut/install/ros2_fundementals_examples/share/ros2_fundementals_examples/package.bash'
[0.320s] INFO:colcon.colcon_core.shell:Creating package script '/home/ardra/ros2_tut/install/ros2_fundementals_examples/share/ros2_fundementals_examples/package.zsh'
[0.321s] Level 1:colcon.colcon_core.environment:create_file_with_runtime_dependencies(/home/ardra/ros2_tut/install/ros2_fundementals_examples/share/colcon-core/packages/ros2_fundementals_examples)
[0.321s] Level 1:colcon.colcon_core.environment:create_environment_scripts_only(ros2_fundementals_examples)
[0.321s] Level 1:colcon.colcon_core.environment:checking '/home/ardra/ros2_tut/install/ros2_fundementals_examples' for CMake module files
[0.321s] Level 1:colcon.colcon_core.environment:checking '/home/ardra/ros2_tut/install/ros2_fundementals_examples' for CMake config files
[0.322s] Level 1:colcon.colcon_core.shell:create_environment_hook('ros2_fundementals_examples', 'cmake_prefix_path')
[0.322s] INFO:colcon.colcon_core.shell:Creating environment hook '/home/ardra/ros2_tut/install/ros2_fundementals_examples/share/ros2_fundementals_examples/hook/cmake_prefix_path.ps1'
[0.322s] INFO:colcon.colcon_core.shell:Creating environment descriptor '/home/ardra/ros2_tut/install/ros2_fundementals_examples/share/ros2_fundementals_examples/hook/cmake_prefix_path.dsv'
[0.322s] INFO:colcon.colcon_core.shell:Creating environment hook '/home/ardra/ros2_tut/install/ros2_fundementals_examples/share/ros2_fundementals_examples/hook/cmake_prefix_path.sh'
[0.323s] Level 1:colcon.colcon_core.environment:checking '/home/ardra/ros2_tut/install/ros2_fundementals_examples/lib'
[0.323s] Level 1:colcon.colcon_core.environment:checking '/home/ardra/ros2_tut/install/ros2_fundementals_examples/bin'
[0.323s] Level 1:colcon.colcon_core.environment:checking '/home/ardra/ros2_tut/install/ros2_fundementals_examples/lib/pkgconfig/ros2_fundementals_examples.pc'
[0.323s] Level 1:colcon.colcon_core.environment:checking '/home/ardra/ros2_tut/install/ros2_fundementals_examples/lib/python3.12/site-packages'
[0.323s] Level 1:colcon.colcon_core.environment:checking '/home/ardra/ros2_tut/install/ros2_fundementals_examples/bin'
[0.323s] INFO:colcon.colcon_core.shell:Creating package script '/home/ardra/ros2_tut/install/ros2_fundementals_examples/share/ros2_fundementals_examples/package.ps1'
[0.324s] INFO:colcon.colcon_core.shell:Creating package descriptor '/home/ardra/ros2_tut/install/ros2_fundementals_examples/share/ros2_fundementals_examples/package.dsv'
[0.324s] INFO:colcon.colcon_core.shell:Creating package script '/home/ardra/ros2_tut/install/ros2_fundementals_examples/share/ros2_fundementals_examples/package.sh'
[0.324s] INFO:colcon.colcon_core.shell:Creating package script '/home/ardra/ros2_tut/install/ros2_fundementals_examples/share/ros2_fundementals_examples/package.bash'
[0.325s] INFO:colcon.colcon_core.shell:Creating package script '/home/ardra/ros2_tut/install/ros2_fundementals_examples/share/ros2_fundementals_examples/package.zsh'
[0.325s] Level 1:colcon.colcon_core.environment:create_file_with_runtime_dependencies(/home/ardra/ros2_tut/install/ros2_fundementals_examples/share/colcon-core/packages/ros2_fundementals_examples)
[0.852s] DEBUG:colcon.colcon_core.event_handler.log_command:Invoked command in '/home/ardra/ros2_tut/build/mycobot_description' returned '0': CMAKE_PREFIX_PATH=${CMAKE_PREFIX_PATH}:/home/ardra/magician_ros2_ws/install/dobot_visualization_tools:/home/ardra/magician_ros2_ws/install/dobot_state_updater:/home/ardra/magician_ros2_ws/install/dobot_motion:/home/ardra/magician_ros2_ws/install/dobot_kinematics:/home/ardra/magician_ros2_ws/install/dobot_homing:/home/ardra/magician_ros2_ws/install/dobot_end_effector:/home/ardra/magician_ros2_ws/install/dobot_diagnostics:/home/ardra/magician_ros2_ws/install/dobot_demos:/home/ardra/magician_ros2_ws/install/dobot_control_panel:/home/ardra/magician_ros2_ws/install/dobot_bringup:/opt/ros/jazzy DEBUGINFOD_URLS=https://debuginfod.ubuntu.com /usr/bin/cmake /home/ardra/ros2_tut/src/mycobot_ros2/mycobot_description -DCMAKE_INSTALL_PREFIX=/home/ardra/ros2_tut/install/mycobot_description
[0.852s] DEBUG:colcon.colcon_core.event_handler.log_command:Invoking command in '/home/ardra/ros2_tut/build/mycobot_description': CMAKE_PREFIX_PATH=${CMAKE_PREFIX_PATH}:/home/ardra/magician_ros2_ws/install/dobot_visualization_tools:/home/ardra/magician_ros2_ws/install/dobot_state_updater:/home/ardra/magician_ros2_ws/install/dobot_motion:/home/ardra/magician_ros2_ws/install/dobot_kinematics:/home/ardra/magician_ros2_ws/install/dobot_homing:/home/ardra/magician_ros2_ws/install/dobot_end_effector:/home/ardra/magician_ros2_ws/install/dobot_diagnostics:/home/ardra/magician_ros2_ws/install/dobot_demos:/home/ardra/magician_ros2_ws/install/dobot_control_panel:/home/ardra/magician_ros2_ws/install/dobot_bringup:/opt/ros/jazzy DEBUGINFOD_URLS=https://debuginfod.ubuntu.com /usr/bin/cmake --build /home/ardra/ros2_tut/build/mycobot_description -- -j16 -l16
[0.881s] DEBUG:colcon.colcon_core.event_handler.log_command:Invoked command in '/home/ardra/ros2_tut/build/mycobot_description' returned '0': CMAKE_PREFIX_PATH=${CMAKE_PREFIX_PATH}:/home/ardra/magician_ros2_ws/install/dobot_visualization_tools:/home/ardra/magician_ros2_ws/install/dobot_state_updater:/home/ardra/magician_ros2_ws/install/dobot_motion:/home/ardra/magician_ros2_ws/install/dobot_kinematics:/home/ardra/magician_ros2_ws/install/dobot_homing:/home/ardra/magician_ros2_ws/install/dobot_end_effector:/home/ardra/magician_ros2_ws/install/dobot_diagnostics:/home/ardra/magician_ros2_ws/install/dobot_demos:/home/ardra/magician_ros2_ws/install/dobot_control_panel:/home/ardra/magician_ros2_ws/install/dobot_bringup:/opt/ros/jazzy DEBUGINFOD_URLS=https://debuginfod.ubuntu.com /usr/bin/cmake --build /home/ardra/ros2_tut/build/mycobot_description -- -j16 -l16
[0.881s] DEBUG:colcon.colcon_core.event_handler.log_command:Invoking command in '/home/ardra/ros2_tut/build/mycobot_description': CMAKE_PREFIX_PATH=${CMAKE_PREFIX_PATH}:/home/ardra/magician_ros2_ws/install/dobot_visualization_tools:/home/ardra/magician_ros2_ws/install/dobot_state_updater:/home/ardra/magician_ros2_ws/install/dobot_motion:/home/ardra/magician_ros2_ws/install/dobot_kinematics:/home/ardra/magician_ros2_ws/install/dobot_homing:/home/ardra/magician_ros2_ws/install/dobot_end_effector:/home/ardra/magician_ros2_ws/install/dobot_diagnostics:/home/ardra/magician_ros2_ws/install/dobot_demos:/home/ardra/magician_ros2_ws/install/dobot_control_panel:/home/ardra/magician_ros2_ws/install/dobot_bringup:/opt/ros/jazzy DEBUGINFOD_URLS=https://debuginfod.ubuntu.com /usr/bin/cmake --install /home/ardra/ros2_tut/build/mycobot_description
[0.888s] Level 1:colcon.colcon_core.environment:create_environment_scripts_only(mycobot_description)
[0.888s] Level 1:colcon.colcon_core.environment:checking '/home/ardra/ros2_tut/install/mycobot_description' for CMake module files
[0.888s] DEBUG:colcon.colcon_core.event_handler.log_command:Invoked command in '/home/ardra/ros2_tut/build/mycobot_description' returned '0': CMAKE_PREFIX_PATH=${CMAKE_PREFIX_PATH}:/home/ardra/magician_ros2_ws/install/dobot_visualization_tools:/home/ardra/magician_ros2_ws/install/dobot_state_updater:/home/ardra/magician_ros2_ws/install/dobot_motion:/home/ardra/magician_ros2_ws/install/dobot_kinematics:/home/ardra/magician_ros2_ws/install/dobot_homing:/home/ardra/magician_ros2_ws/install/dobot_end_effector:/home/ardra/magician_ros2_ws/install/dobot_diagnostics:/home/ardra/magician_ros2_ws/install/dobot_demos:/home/ardra/magician_ros2_ws/install/dobot_control_panel:/home/ardra/magician_ros2_ws/install/dobot_bringup:/opt/ros/jazzy DEBUGINFOD_URLS=https://debuginfod.ubuntu.com /usr/bin/cmake --install /home/ardra/ros2_tut/build/mycobot_description
[0.889s] Level 1:colcon.colcon_core.environment:checking '/home/ardra/ros2_tut/install/mycobot_description' for CMake config files
[0.889s] Level 1:colcon.colcon_core.shell:create_environment_hook('mycobot_description', 'cmake_prefix_path')
[0.889s] INFO:colcon.colcon_core.shell:Creating environment hook '/home/ardra/ros2_tut/install/mycobot_description/share/mycobot_description/hook/cmake_prefix_path.ps1'
[0.889s] INFO:colcon.colcon_core.shell:Creating environment descriptor '/home/ardra/ros2_tut/install/mycobot_description/share/mycobot_description/hook/cmake_prefix_path.dsv'
[0.889s] INFO:colcon.colcon_core.shell:Creating environment hook '/home/ardra/ros2_tut/install/mycobot_description/share/mycobot_description/hook/cmake_prefix_path.sh'
[0.890s] Level 1:colcon.colcon_core.environment:checking '/home/ardra/ros2_tut/install/mycobot_description/bin'
[0.890s] Level 1:colcon.colcon_core.environment:checking '/home/ardra/ros2_tut/install/mycobot_description/lib/pkgconfig/mycobot_description.pc'
[0.890s] Level 1:colcon.colcon_core.environment:checking '/home/ardra/ros2_tut/install/mycobot_description/lib/python3.12/site-packages'
[0.890s] Level 1:colcon.colcon_core.environment:checking '/home/ardra/ros2_tut/install/mycobot_description/bin'
[0.890s] INFO:colcon.colcon_core.shell:Creating package script '/home/ardra/ros2_tut/install/mycobot_description/share/mycobot_description/package.ps1'
[0.890s] INFO:colcon.colcon_core.shell:Creating package descriptor '/home/ardra/ros2_tut/install/mycobot_description/share/mycobot_description/package.dsv'
[0.891s] INFO:colcon.colcon_core.shell:Creating package script '/home/ardra/ros2_tut/install/mycobot_description/share/mycobot_description/package.sh'
[0.891s] INFO:colcon.colcon_core.shell:Creating package script '/home/ardra/ros2_tut/install/mycobot_description/share/mycobot_description/package.bash'
[0.891s] INFO:colcon.colcon_core.shell:Creating package script '/home/ardra/ros2_tut/install/mycobot_description/share/mycobot_description/package.zsh'
[0.891s] Level 1:colcon.colcon_core.environment:create_file_with_runtime_dependencies(/home/ardra/ros2_tut/install/mycobot_description/share/colcon-core/packages/mycobot_description)
[0.892s] Level 1:colcon.colcon_core.environment:create_environment_scripts_only(mycobot_description)
[0.892s] Level 1:colcon.colcon_core.environment:checking '/home/ardra/ros2_tut/install/mycobot_description' for CMake module files
[0.892s] Level 1:colcon.colcon_core.environment:checking '/home/ardra/ros2_tut/install/mycobot_description' for CMake config files
[0.892s] Level 1:colcon.colcon_core.shell:create_environment_hook('mycobot_description', 'cmake_prefix_path')
[0.892s] INFO:colcon.colcon_core.shell:Creating environment hook '/home/ardra/ros2_tut/install/mycobot_description/share/mycobot_description/hook/cmake_prefix_path.ps1'
[0.892s] INFO:colcon.colcon_core.shell:Creating environment descriptor '/home/ardra/ros2_tut/install/mycobot_description/share/mycobot_description/hook/cmake_prefix_path.dsv'
[0.893s] INFO:colcon.colcon_core.shell:Creating environment hook '/home/ardra/ros2_tut/install/mycobot_description/share/mycobot_description/hook/cmake_prefix_path.sh'
[0.893s] Level 1:colcon.colcon_core.environment:checking '/home/ardra/ros2_tut/install/mycobot_description/bin'
[0.893s] Level 1:colcon.colcon_core.environment:checking '/home/ardra/ros2_tut/install/mycobot_description/lib/pkgconfig/mycobot_description.pc'
[0.893s] Level 1:colcon.colcon_core.environment:checking '/home/ardra/ros2_tut/install/mycobot_description/lib/python3.12/site-packages'
[0.893s] Level 1:colcon.colcon_core.environment:checking '/home/ardra/ros2_tut/install/mycobot_description/bin'
[0.893s] INFO:colcon.colcon_core.shell:Creating package script '/home/ardra/ros2_tut/install/mycobot_description/share/mycobot_description/package.ps1'
[0.894s] INFO:colcon.colcon_core.shell:Creating package descriptor '/home/ardra/ros2_tut/install/mycobot_description/share/mycobot_description/package.dsv'
[0.894s] INFO:colcon.colcon_core.shell:Creating package script '/home/ardra/ros2_tut/install/mycobot_description/share/mycobot_description/package.sh'
[0.894s] INFO:colcon.colcon_core.shell:Creating package script '/home/ardra/ros2_tut/install/mycobot_description/share/mycobot_description/package.bash'
[0.894s] INFO:colcon.colcon_core.shell:Creating package script '/home/ardra/ros2_tut/install/mycobot_description/share/mycobot_description/package.zsh'
[0.895s] Level 1:colcon.colcon_core.environment:create_file_with_runtime_dependencies(/home/ardra/ros2_tut/install/mycobot_description/share/colcon-core/packages/mycobot_description)
[0.895s] INFO:colcon.colcon_ros.task.ament_cmake.build:Building ROS package in '/home/ardra/ros2_tut/src/mycobot_ros2/mycobot_ros2' with build type 'ament_cmake'
[0.895s] INFO:colcon.colcon_cmake.task.cmake.build:Building CMake package in '/home/ardra/ros2_tut/src/mycobot_ros2/mycobot_ros2'
[0.895s] INFO:colcon.colcon_core.shell:Skip shell extension 'powershell' for command environment: Not usable outside of PowerShell
[0.895s] DEBUG:colcon.colcon_core.shell:Skip shell extension 'dsv' for command environment
[0.903s] DEBUG:colcon.colcon_core.event_handler.log_command:Invoking command in '/home/ardra/ros2_tut/build/mycobot_ros2': AMENT_PREFIX_PATH=/home/ardra/ros2_tut/install/mycobot_description:${AMENT_PREFIX_PATH} CMAKE_PREFIX_PATH=/home/ardra/ros2_tut/install/mycobot_description:/home/ardra/ros2_tut/install/ros2_fundementals_examples:/home/ardra/ros2_tut/install/ros2_fundementals:/home/ardra/magician_ros2_ws/install/dobot_msgs:/home/ardra/magician_ros2_ws/install/dobot_driver:/home/ardra/magician_ros2_ws/install/dobot_description:/opt/ros/jazzy/opt/gz_sim_vendor:/opt/ros/jazzy/opt/gz_sensors_vendor:/opt/ros/jazzy/opt/gz_physics_vendor:/opt/ros/jazzy/opt/sdformat_vendor:/opt/ros/jazzy/opt/gz_gui_vendor:/opt/ros/jazzy/opt/gz_transport_vendor:/opt/ros/jazzy/opt/gz_rendering_vendor:/opt/ros/jazzy/opt/gz_plugin_vendor:/opt/ros/jazzy/opt/gz_fuel_tools_vendor:/opt/ros/jazzy/opt/gz_msgs_vendor:/opt/ros/jazzy/opt/gz_common_vendor:/opt/ros/jazzy/opt/gz_math_vendor:/opt/ros/jazzy/opt/gz_utils_vendor:/opt/ros/jazzy/opt/gz_tools_vendor:/opt/ros/jazzy/opt/gz_ogre_next_vendor:/opt/ros/jazzy/opt/gz_dartsim_vendor:/opt/ros/jazzy/opt/gz_cmake_vendor:/home/ardra/magician_ros2_ws/install/dobot_visualization_tools:/home/ardra/magician_ros2_ws/install/dobot_state_updater:/home/ardra/magician_ros2_ws/install/dobot_motion:/home/ardra/magician_ros2_ws/install/dobot_kinematics:/home/ardra/magician_ros2_ws/install/dobot_homing:/home/ardra/magician_ros2_ws/install/dobot_end_effector:/home/ardra/magician_ros2_ws/install/dobot_diagnostics:/home/ardra/magician_ros2_ws/install/dobot_demos:/home/ardra/magician_ros2_ws/install/dobot_control_panel:/home/ardra/magician_ros2_ws/install/dobot_bringup:/opt/ros/jazzy DEBUGINFOD_URLS=https://debuginfod.ubuntu.com /usr/bin/cmake /home/ardra/ros2_tut/src/mycobot_ros2/mycobot_ros2 -DCMAKE_INSTALL_PREFIX=/home/ardra/ros2_tut/install/mycobot_ros2
[1.497s] DEBUG:colcon.colcon_core.event_handler.log_command:Invoked command in '/home/ardra/ros2_tut/build/mycobot_ros2' returned '0': AMENT_PREFIX_PATH=/home/ardra/ros2_tut/install/mycobot_description:${AMENT_PREFIX_PATH} CMAKE_PREFIX_PATH=/home/ardra/ros2_tut/install/mycobot_description:/home/ardra/ros2_tut/install/ros2_fundementals_examples:/home/ardra/ros2_tut/install/ros2_fundementals:/home/ardra/magician_ros2_ws/install/dobot_msgs:/home/ardra/magician_ros2_ws/install/dobot_driver:/home/ardra/magician_ros2_ws/install/dobot_description:/opt/ros/jazzy/opt/gz_sim_vendor:/opt/ros/jazzy/opt/gz_sensors_vendor:/opt/ros/jazzy/opt/gz_physics_vendor:/opt/ros/jazzy/opt/sdformat_vendor:/opt/ros/jazzy/opt/gz_gui_vendor:/opt/ros/jazzy/opt/gz_transport_vendor:/opt/ros/jazzy/opt/gz_rendering_vendor:/opt/ros/jazzy/opt/gz_plugin_vendor:/opt/ros/jazzy/opt/gz_fuel_tools_vendor:/opt/ros/jazzy/opt/gz_msgs_vendor:/opt/ros/jazzy/opt/gz_common_vendor:/opt/ros/jazzy/opt/gz_math_vendor:/opt/ros/jazzy/opt/gz_utils_vendor:/opt/ros/jazzy/opt/gz_tools_vendor:/opt/ros/jazzy/opt/gz_ogre_next_vendor:/opt/ros/jazzy/opt/gz_dartsim_vendor:/opt/ros/jazzy/opt/gz_cmake_vendor:/home/ardra/magician_ros2_ws/install/dobot_visualization_tools:/home/ardra/magician_ros2_ws/install/dobot_state_updater:/home/ardra/magician_ros2_ws/install/dobot_motion:/home/ardra/magician_ros2_ws/install/dobot_kinematics:/home/ardra/magician_ros2_ws/install/dobot_homing:/home/ardra/magician_ros2_ws/install/dobot_end_effector:/home/ardra/magician_ros2_ws/install/dobot_diagnostics:/home/ardra/magician_ros2_ws/install/dobot_demos:/home/ardra/magician_ros2_ws/install/dobot_control_panel:/home/ardra/magician_ros2_ws/install/dobot_bringup:/opt/ros/jazzy DEBUGINFOD_URLS=https://debuginfod.ubuntu.com /usr/bin/cmake /home/ardra/ros2_tut/src/mycobot_ros2/mycobot_ros2 -DCMAKE_INSTALL_PREFIX=/home/ardra/ros2_tut/install/mycobot_ros2
[1.498s] DEBUG:colcon.colcon_core.event_handler.log_command:Invoking command in '/home/ardra/ros2_tut/build/mycobot_ros2': AMENT_PREFIX_PATH=/home/ardra/ros2_tut/install/mycobot_description:${AMENT_PREFIX_PATH} CMAKE_PREFIX_PATH=/home/ardra/ros2_tut/install/mycobot_description:/home/ardra/ros2_tut/install/ros2_fundementals_examples:/home/ardra/ros2_tut/install/ros2_fundementals:/home/ardra/magician_ros2_ws/install/dobot_msgs:/home/ardra/magician_ros2_ws/install/dobot_driver:/home/ardra/magician_ros2_ws/install/dobot_description:/opt/ros/jazzy/opt/gz_sim_vendor:/opt/ros/jazzy/opt/gz_sensors_vendor:/opt/ros/jazzy/opt/gz_physics_vendor:/opt/ros/jazzy/opt/sdformat_vendor:/opt/ros/jazzy/opt/gz_gui_vendor:/opt/ros/jazzy/opt/gz_transport_vendor:/opt/ros/jazzy/opt/gz_rendering_vendor:/opt/ros/jazzy/opt/gz_plugin_vendor:/opt/ros/jazzy/opt/gz_fuel_tools_vendor:/opt/ros/jazzy/opt/gz_msgs_vendor:/opt/ros/jazzy/opt/gz_common_vendor:/opt/ros/jazzy/opt/gz_math_vendor:/opt/ros/jazzy/opt/gz_utils_vendor:/opt/ros/jazzy/opt/gz_tools_vendor:/opt/ros/jazzy/opt/gz_ogre_next_vendor:/opt/ros/jazzy/opt/gz_dartsim_vendor:/opt/ros/jazzy/opt/gz_cmake_vendor:/home/ardra/magician_ros2_ws/install/dobot_visualization_tools:/home/ardra/magician_ros2_ws/install/dobot_state_updater:/home/ardra/magician_ros2_ws/install/dobot_motion:/home/ardra/magician_ros2_ws/install/dobot_kinematics:/home/ardra/magician_ros2_ws/install/dobot_homing:/home/ardra/magician_ros2_ws/install/dobot_end_effector:/home/ardra/magician_ros2_ws/install/dobot_diagnostics:/home/ardra/magician_ros2_ws/install/dobot_demos:/home/ardra/magician_ros2_ws/install/dobot_control_panel:/home/ardra/magician_ros2_ws/install/dobot_bringup:/opt/ros/jazzy DEBUGINFOD_URLS=https://debuginfod.ubuntu.com /usr/bin/cmake --build /home/ardra/ros2_tut/build/mycobot_ros2 -- -j16 -l16
[1.529s] DEBUG:colcon.colcon_core.event_handler.log_command:Invoked command in '/home/ardra/ros2_tut/build/mycobot_ros2' returned '0': AMENT_PREFIX_PATH=/home/ardra/ros2_tut/install/mycobot_description:${AMENT_PREFIX_PATH} CMAKE_PREFIX_PATH=/home/ardra/ros2_tut/install/mycobot_description:/home/ardra/ros2_tut/install/ros2_fundementals_examples:/home/ardra/ros2_tut/install/ros2_fundementals:/home/ardra/magician_ros2_ws/install/dobot_msgs:/home/ardra/magician_ros2_ws/install/dobot_driver:/home/ardra/magician_ros2_ws/install/dobot_description:/opt/ros/jazzy/opt/gz_sim_vendor:/opt/ros/jazzy/opt/gz_sensors_vendor:/opt/ros/jazzy/opt/gz_physics_vendor:/opt/ros/jazzy/opt/sdformat_vendor:/opt/ros/jazzy/opt/gz_gui_vendor:/opt/ros/jazzy/opt/gz_transport_vendor:/opt/ros/jazzy/opt/gz_rendering_vendor:/opt/ros/jazzy/opt/gz_plugin_vendor:/opt/ros/jazzy/opt/gz_fuel_tools_vendor:/opt/ros/jazzy/opt/gz_msgs_vendor:/opt/ros/jazzy/opt/gz_common_vendor:/opt/ros/jazzy/opt/gz_math_vendor:/opt/ros/jazzy/opt/gz_utils_vendor:/opt/ros/jazzy/opt/gz_tools_vendor:/opt/ros/jazzy/opt/gz_ogre_next_vendor:/opt/ros/jazzy/opt/gz_dartsim_vendor:/opt/ros/jazzy/opt/gz_cmake_vendor:/home/ardra/magician_ros2_ws/install/dobot_visualization_tools:/home/ardra/magician_ros2_ws/install/dobot_state_updater:/home/ardra/magician_ros2_ws/install/dobot_motion:/home/ardra/magician_ros2_ws/install/dobot_kinematics:/home/ardra/magician_ros2_ws/install/dobot_homing:/home/ardra/magician_ros2_ws/install/dobot_end_effector:/home/ardra/magician_ros2_ws/install/dobot_diagnostics:/home/ardra/magician_ros2_ws/install/dobot_demos:/home/ardra/magician_ros2_ws/install/dobot_control_panel:/home/ardra/magician_ros2_ws/install/dobot_bringup:/opt/ros/jazzy DEBUGINFOD_URLS=https://debuginfod.ubuntu.com /usr/bin/cmake --build /home/ardra/ros2_tut/build/mycobot_ros2 -- -j16 -l16
[1.530s] DEBUG:colcon.colcon_core.event_handler.log_command:Invoking command in '/home/ardra/ros2_tut/build/mycobot_ros2': AMENT_PREFIX_PATH=/home/ardra/ros2_tut/install/mycobot_description:${AMENT_PREFIX_PATH} CMAKE_PREFIX_PATH=/home/ardra/ros2_tut/install/mycobot_description:/home/ardra/ros2_tut/install/ros2_fundementals_examples:/home/ardra/ros2_tut/install/ros2_fundementals:/home/ardra/magician_ros2_ws/install/dobot_msgs:/home/ardra/magician_ros2_ws/install/dobot_driver:/home/ardra/magician_ros2_ws/install/dobot_description:/opt/ros/jazzy/opt/gz_sim_vendor:/opt/ros/jazzy/opt/gz_sensors_vendor:/opt/ros/jazzy/opt/gz_physics_vendor:/opt/ros/jazzy/opt/sdformat_vendor:/opt/ros/jazzy/opt/gz_gui_vendor:/opt/ros/jazzy/opt/gz_transport_vendor:/opt/ros/jazzy/opt/gz_rendering_vendor:/opt/ros/jazzy/opt/gz_plugin_vendor:/opt/ros/jazzy/opt/gz_fuel_tools_vendor:/opt/ros/jazzy/opt/gz_msgs_vendor:/opt/ros/jazzy/opt/gz_common_vendor:/opt/ros/jazzy/opt/gz_math_vendor:/opt/ros/jazzy/opt/gz_utils_vendor:/opt/ros/jazzy/opt/gz_tools_vendor:/opt/ros/jazzy/opt/gz_ogre_next_vendor:/opt/ros/jazzy/opt/gz_dartsim_vendor:/opt/ros/jazzy/opt/gz_cmake_vendor:/home/ardra/magician_ros2_ws/install/dobot_visualization_tools:/home/ardra/magician_ros2_ws/install/dobot_state_updater:/home/ardra/magician_ros2_ws/install/dobot_motion:/home/ardra/magician_ros2_ws/install/dobot_kinematics:/home/ardra/magician_ros2_ws/install/dobot_homing:/home/ardra/magician_ros2_ws/install/dobot_end_effector:/home/ardra/magician_ros2_ws/install/dobot_diagnostics:/home/ardra/magician_ros2_ws/install/dobot_demos:/home/ardra/magician_ros2_ws/install/dobot_control_panel:/home/ardra/magician_ros2_ws/install/dobot_bringup:/opt/ros/jazzy DEBUGINFOD_URLS=https://debuginfod.ubuntu.com /usr/bin/cmake --install /home/ardra/ros2_tut/build/mycobot_ros2
[1.537s] Level 1:colcon.colcon_core.environment:create_environment_scripts_only(mycobot_ros2)
[1.537s] Level 1:colcon.colcon_core.environment:checking '/home/ardra/ros2_tut/install/mycobot_ros2' for CMake module files
[1.537s] DEBUG:colcon.colcon_core.event_handler.log_command:Invoked command in '/home/ardra/ros2_tut/build/mycobot_ros2' returned '0': AMENT_PREFIX_PATH=/home/ardra/ros2_tut/install/mycobot_description:${AMENT_PREFIX_PATH} CMAKE_PREFIX_PATH=/home/ardra/ros2_tut/install/mycobot_description:/home/ardra/ros2_tut/install/ros2_fundementals_examples:/home/ardra/ros2_tut/install/ros2_fundementals:/home/ardra/magician_ros2_ws/install/dobot_msgs:/home/ardra/magician_ros2_ws/install/dobot_driver:/home/ardra/magician_ros2_ws/install/dobot_description:/opt/ros/jazzy/opt/gz_sim_vendor:/opt/ros/jazzy/opt/gz_sensors_vendor:/opt/ros/jazzy/opt/gz_physics_vendor:/opt/ros/jazzy/opt/sdformat_vendor:/opt/ros/jazzy/opt/gz_gui_vendor:/opt/ros/jazzy/opt/gz_transport_vendor:/opt/ros/jazzy/opt/gz_rendering_vendor:/opt/ros/jazzy/opt/gz_plugin_vendor:/opt/ros/jazzy/opt/gz_fuel_tools_vendor:/opt/ros/jazzy/opt/gz_msgs_vendor:/opt/ros/jazzy/opt/gz_common_vendor:/opt/ros/jazzy/opt/gz_math_vendor:/opt/ros/jazzy/opt/gz_utils_vendor:/opt/ros/jazzy/opt/gz_tools_vendor:/opt/ros/jazzy/opt/gz_ogre_next_vendor:/opt/ros/jazzy/opt/gz_dartsim_vendor:/opt/ros/jazzy/opt/gz_cmake_vendor:/home/ardra/magician_ros2_ws/install/dobot_visualization_tools:/home/ardra/magician_ros2_ws/install/dobot_state_updater:/home/ardra/magician_ros2_ws/install/dobot_motion:/home/ardra/magician_ros2_ws/install/dobot_kinematics:/home/ardra/magician_ros2_ws/install/dobot_homing:/home/ardra/magician_ros2_ws/install/dobot_end_effector:/home/ardra/magician_ros2_ws/install/dobot_diagnostics:/home/ardra/magician_ros2_ws/install/dobot_demos:/home/ardra/magician_ros2_ws/install/dobot_control_panel:/home/ardra/magician_ros2_ws/install/dobot_bringup:/opt/ros/jazzy DEBUGINFOD_URLS=https://debuginfod.ubuntu.com /usr/bin/cmake --install /home/ardra/ros2_tut/build/mycobot_ros2
[1.537s] Level 1:colcon.colcon_core.environment:checking '/home/ardra/ros2_tut/install/mycobot_ros2' for CMake config files
[1.537s] Level 1:colcon.colcon_core.shell:create_environment_hook('mycobot_ros2', 'cmake_prefix_path')
[1.537s] INFO:colcon.colcon_core.shell:Creating environment hook '/home/ardra/ros2_tut/install/mycobot_ros2/share/mycobot_ros2/hook/cmake_prefix_path.ps1'
[1.538s] INFO:colcon.colcon_core.shell:Creating environment descriptor '/home/ardra/ros2_tut/install/mycobot_ros2/share/mycobot_ros2/hook/cmake_prefix_path.dsv'
[1.538s] INFO:colcon.colcon_core.shell:Creating environment hook '/home/ardra/ros2_tut/install/mycobot_ros2/share/mycobot_ros2/hook/cmake_prefix_path.sh'
[1.538s] Level 1:colcon.colcon_core.environment:checking '/home/ardra/ros2_tut/install/mycobot_ros2/bin'
[1.538s] Level 1:colcon.colcon_core.environment:checking '/home/ardra/ros2_tut/install/mycobot_ros2/lib/pkgconfig/mycobot_ros2.pc'
[1.538s] Level 1:colcon.colcon_core.environment:checking '/home/ardra/ros2_tut/install/mycobot_ros2/lib/python3.12/site-packages'
[1.539s] Level 1:colcon.colcon_core.environment:checking '/home/ardra/ros2_tut/install/mycobot_ros2/bin'
[1.539s] INFO:colcon.colcon_core.shell:Creating package script '/home/ardra/ros2_tut/install/mycobot_ros2/share/mycobot_ros2/package.ps1'
[1.539s] INFO:colcon.colcon_core.shell:Creating package descriptor '/home/ardra/ros2_tut/install/mycobot_ros2/share/mycobot_ros2/package.dsv'
[1.539s] INFO:colcon.colcon_core.shell:Creating package script '/home/ardra/ros2_tut/install/mycobot_ros2/share/mycobot_ros2/package.sh'
[1.540s] INFO:colcon.colcon_core.shell:Creating package script '/home/ardra/ros2_tut/install/mycobot_ros2/share/mycobot_ros2/package.bash'
[1.540s] INFO:colcon.colcon_core.shell:Creating package script '/home/ardra/ros2_tut/install/mycobot_ros2/share/mycobot_ros2/package.zsh'
[1.540s] Level 1:colcon.colcon_core.environment:create_file_with_runtime_dependencies(/home/ardra/ros2_tut/install/mycobot_ros2/share/colcon-core/packages/mycobot_ros2)
[1.540s] Level 1:colcon.colcon_core.environment:create_environment_scripts_only(mycobot_ros2)
[1.540s] Level 1:colcon.colcon_core.environment:checking '/home/ardra/ros2_tut/install/mycobot_ros2' for CMake module files
[1.541s] Level 1:colcon.colcon_core.environment:checking '/home/ardra/ros2_tut/install/mycobot_ros2' for CMake config files
[1.541s] Level 1:colcon.colcon_core.shell:create_environment_hook('mycobot_ros2', 'cmake_prefix_path')
[1.541s] INFO:colcon.colcon_core.shell:Creating environment hook '/home/ardra/ros2_tut/install/mycobot_ros2/share/mycobot_ros2/hook/cmake_prefix_path.ps1'
[1.541s] INFO:colcon.colcon_core.shell:Creating environment descriptor '/home/ardra/ros2_tut/install/mycobot_ros2/share/mycobot_ros2/hook/cmake_prefix_path.dsv'
[1.541s] INFO:colcon.colcon_core.shell:Creating environment hook '/home/ardra/ros2_tut/install/mycobot_ros2/share/mycobot_ros2/hook/cmake_prefix_path.sh'
[1.541s] Level 1:colcon.colcon_core.environment:checking '/home/ardra/ros2_tut/install/mycobot_ros2/bin'
[1.541s] Level 1:colcon.colcon_core.environment:checking '/home/ardra/ros2_tut/install/mycobot_ros2/lib/pkgconfig/mycobot_ros2.pc'
[1.542s] Level 1:colcon.colcon_core.environment:checking '/home/ardra/ros2_tut/install/mycobot_ros2/lib/python3.12/site-packages'
[1.542s] Level 1:colcon.colcon_core.environment:checking '/home/ardra/ros2_tut/install/mycobot_ros2/bin'
[1.542s] INFO:colcon.colcon_core.shell:Creating package script '/home/ardra/ros2_tut/install/mycobot_ros2/share/mycobot_ros2/package.ps1'
[1.543s] INFO:colcon.colcon_core.shell:Creating package descriptor '/home/ardra/ros2_tut/install/mycobot_ros2/share/mycobot_ros2/package.dsv'
[1.543s] INFO:colcon.colcon_core.shell:Creating package script '/home/ardra/ros2_tut/install/mycobot_ros2/share/mycobot_ros2/package.sh'
[1.544s] INFO:colcon.colcon_core.shell:Creating package script '/home/ardra/ros2_tut/install/mycobot_ros2/share/mycobot_ros2/package.bash'
[1.544s] INFO:colcon.colcon_core.shell:Creating package script '/home/ardra/ros2_tut/install/mycobot_ros2/share/mycobot_ros2/package.zsh'
[1.544s] Level 1:colcon.colcon_core.environment:create_file_with_runtime_dependencies(/home/ardra/ros2_tut/install/mycobot_ros2/share/colcon-core/packages/mycobot_ros2)
[1.545s] DEBUG:colcon.colcon_parallel_executor.executor.parallel:closing loop
[1.545s] DEBUG:colcon.colcon_parallel_executor.executor.parallel:loop closed
[1.545s] DEBUG:colcon.colcon_parallel_executor.executor.parallel:run_until_complete finished with '0'
[1.545s] DEBUG:colcon.colcon_core.event_reactor:joining thread
[1.550s] INFO:colcon.colcon_core.plugin_system:Skipping extension 'colcon_notification.desktop_notification.terminal_notifier': Not used on non-Darwin systems
[1.550s] INFO:colcon.colcon_core.plugin_system:Skipping extension 'colcon_notification.desktop_notification.win32': Not used on non-Windows systems
[1.550s] INFO:colcon.colcon_notification.desktop_notification:Sending desktop notification using 'notify2'
[1.563s] DEBUG:colcon.colcon_core.event_reactor:joined thread
[1.563s] INFO:colcon.colcon_core.shell:Creating prefix script '/home/ardra/ros2_tut/install/local_setup.ps1'
[1.564s] INFO:colcon.colcon_core.shell:Creating prefix util module '/home/ardra/ros2_tut/install/_local_setup_util_ps1.py'
[1.565s] INFO:colcon.colcon_core.shell:Creating prefix chain script '/home/ardra/ros2_tut/install/setup.ps1'
[1.566s] INFO:colcon.colcon_core.shell:Creating prefix script '/home/ardra/ros2_tut/install/local_setup.sh'
[1.566s] INFO:colcon.colcon_core.shell:Creating prefix util module '/home/ardra/ros2_tut/install/_local_setup_util_sh.py'
[1.566s] INFO:colcon.colcon_core.shell:Creating prefix chain script '/home/ardra/ros2_tut/install/setup.sh'
[1.567s] INFO:colcon.colcon_core.shell:Creating prefix script '/home/ardra/ros2_tut/install/local_setup.bash'
[1.568s] INFO:colcon.colcon_core.shell:Creating prefix chain script '/home/ardra/ros2_tut/install/setup.bash'
[1.568s] INFO:colcon.colcon_core.shell:Creating prefix script '/home/ardra/ros2_tut/install/local_setup.zsh'
[1.569s] INFO:colcon.colcon_core.shell:Creating prefix chain script '/home/ardra/ros2_tut/install/setup.zsh'
