[0.007s] Invoking command in '/home/ardra/ros2_tut/build/ros2_fundementals_examples': CMAKE_PREFIX_PATH=${CMAKE_PREFIX_PATH}:/home/ardra/magician_ros2_ws/install/dobot_visualization_tools:/home/ardra/magician_ros2_ws/install/dobot_state_updater:/home/ardra/magician_ros2_ws/install/dobot_motion:/home/ardra/magician_ros2_ws/install/dobot_kinematics:/home/ardra/magician_ros2_ws/install/dobot_homing:/home/ardra/magician_ros2_ws/install/dobot_end_effector:/home/ardra/magician_ros2_ws/install/dobot_diagnostics:/home/ardra/magician_ros2_ws/install/dobot_demos:/home/ardra/magician_ros2_ws/install/dobot_control_panel:/home/ardra/magician_ros2_ws/install/dobot_bringup:/opt/ros/jazzy DEBUGINFOD_URLS=https://debuginfod.ubuntu.com /usr/bin/cmake /home/ardra/ros2_tut/src/ros2_fundementals_examples -DCMAKE_INSTALL_PREFIX=/home/ardra/ros2_tut/install/ros2_fundementals_examples
[0.016s] -- Found ament_cmake: 2.5.6 (/opt/ros/jazzy/share/ament_cmake/cmake)
[0.169s] -- Found rclcpp: 28.1.21 (/opt/ros/jazzy/share/rclcpp/cmake)
[0.210s] -- Found rosidl_generator_c: 4.6.9 (/opt/ros/jazzy/share/rosidl_generator_c/cmake)
[0.223s] -- Found rosidl_generator_cpp: 4.6.9 (/opt/ros/jazzy/share/rosidl_generator_cpp/cmake)
[0.239s] -- Using all available rosidl_typesupport_c: rosidl_typesupport_fastrtps_c;rosidl_typesupport_introspection_c
[0.257s] -- Using all available rosidl_typesupport_cpp: rosidl_typesupport_fastrtps_cpp;rosidl_typesupport_introspection_cpp
[0.328s] -- Found rmw_implementation_cmake: 7.3.3 (/opt/ros/jazzy/share/rmw_implementation_cmake/cmake)
[0.331s] -- Found rmw_fastrtps_cpp: 8.4.4 (/opt/ros/jazzy/share/rmw_fastrtps_cpp/cmake)
[0.396s] -- Found OpenSSL: /usr/lib/x86_64-linux-gnu/libcrypto.so (found version "3.0.13")  
[0.414s] -- Found FastRTPS: /opt/ros/jazzy/include (Required is at least version "2.13") 
[0.429s] -- Using RMW implementation 'rmw_fastrtps_cpp' as default
[0.494s] -- Found rclpy: 7.1.11 (/opt/ros/jazzy/share/rclpy/cmake)
[0.497s] -- Found std_msgs: 5.3.8 (/opt/ros/jazzy/share/std_msgs/cmake)
[0.583s] [31mCMake Error at /opt/ros/jazzy/share/ament_cmake_core/cmake/core/ament_package_xml.cmake:53 (message):
[0.583s]   ament_package_xml() package name 'ros2_fundementals_examples' in
[0.583s]   '/package.xml' does not match current PROJECT_NAME
[0.583s]   'ros2_fundamentals_examples'.  You must call project() with the same
[0.584s]   package name before.
[0.584s] Call Stack (most recent call first):
[0.584s]   /opt/ros/jazzy/share/ament_cmake_python/cmake/ament_python_install_package.cmake:60 (ament_package_xml)
[0.584s]   /opt/ros/jazzy/share/ament_cmake_python/cmake/ament_python_install_package.cmake:39 (_ament_cmake_python_install_package)
[0.584s]   CMakeLists.txt:64 (ament_python_install_package)
[0.584s] 
[0.584s] [0m
[0.584s] -- Configuring incomplete, errors occurred!
[0.589s] Invoked command in '/home/ardra/ros2_tut/build/ros2_fundementals_examples' returned '1': CMAKE_PREFIX_PATH=${CMAKE_PREFIX_PATH}:/home/ardra/magician_ros2_ws/install/dobot_visualization_tools:/home/ardra/magician_ros2_ws/install/dobot_state_updater:/home/ardra/magician_ros2_ws/install/dobot_motion:/home/ardra/magician_ros2_ws/install/dobot_kinematics:/home/ardra/magician_ros2_ws/install/dobot_homing:/home/ardra/magician_ros2_ws/install/dobot_end_effector:/home/ardra/magician_ros2_ws/install/dobot_diagnostics:/home/ardra/magician_ros2_ws/install/dobot_demos:/home/ardra/magician_ros2_ws/install/dobot_control_panel:/home/ardra/magician_ros2_ws/install/dobot_bringup:/opt/ros/jazzy DEBUGINFOD_URLS=https://debuginfod.ubuntu.com /usr/bin/cmake /home/ardra/ros2_tut/src/ros2_fundementals_examples -DCMAKE_INSTALL_PREFIX=/home/ardra/ros2_tut/install/ros2_fundementals_examples
