-- Found ament_cmake: 2.5.6 (/opt/ros/jazzy/share/ament_cmake/cmake)
-- Found rclcpp: 28.1.21 (/opt/ros/jazzy/share/rclcpp/cmake)
-- Found rosidl_generator_c: 4.6.9 (/opt/ros/jazzy/share/rosidl_generator_c/cmake)
-- Found rosidl_generator_cpp: 4.6.9 (/opt/ros/jazzy/share/rosidl_generator_cpp/cmake)
-- Using all available rosidl_typesupport_c: rosidl_typesupport_fastrtps_c;rosidl_typesupport_introspection_c
-- Using all available rosidl_typesupport_cpp: rosidl_typesupport_fastrtps_cpp;rosidl_typesupport_introspection_cpp
-- Found rmw_implementation_cmake: 7.3.3 (/opt/ros/jazzy/share/rmw_implementation_cmake/cmake)
-- Found rmw_fastrtps_cpp: 8.4.4 (/opt/ros/jazzy/share/rmw_fastrtps_cpp/cmake)
-- Using RMW implementation 'rmw_fastrtps_cpp' as default
-- Found rclpy: 7.1.11 (/opt/ros/jazzy/share/rclpy/cmake)
-- Found std_msgs: 5.3.8 (/opt/ros/jazzy/share/std_msgs/cmake)
-- Found ament_lint_auto: 0.17.5 (/opt/ros/jazzy/share/ament_lint_auto/cmake)
-- Added test 'cppcheck' to perform static code analysis on C / C++ code
-- Configured cppcheck include dirs: /home/ardra/ros2_tut/src/ros2_fundementals_examples/include
-- Configured cppcheck exclude dirs and/or files: 
-- Added test 'lint_cmake' to check CMake code style
-- Added test 'uncrustify' to check C / C++ code style
-- Configured uncrustify additional arguments: 
-- Added test 'xmllint' to check XML markup files
-- Configuring done (0.4s)
-- Generating done (0.0s)
-- Build files have been written to: /home/ardra/ros2_tut/build/ros2_fundementals_examples
[ 25%] [32mBuilding CXX object CMakeFiles/cpp_minimal_subscriber.dir/src/cpp_minimal_subscriber.cpp.o[0m
[ 75%] Built target cpp_minimal_publisher
[100%] [32m[1mLinking CXX executable cpp_minimal_subscriber[0m
[100%] Built target cpp_minimal_subscriber
-- Install configuration: ""
-- Up-to-date: /home/ardra/ros2_tut/install/ros2_fundementals_examples/include
-- Up-to-date: /home/ardra/ros2_tut/install/ros2_fundementals_examples/include/ros2_fundementals_examples
-- Up-to-date: /home/ardra/ros2_tut/install/ros2_fundementals_examples/lib/ros2_fundementals_examples/cpp_minimal_publisher
-- Installing: /home/ardra/ros2_tut/install/ros2_fundementals_examples/lib/ros2_fundementals_examples/cpp_minimal_subscriber
-- Set non-toolchain portion of runtime path of "/home/ardra/ros2_tut/install/ros2_fundementals_examples/lib/ros2_fundementals_examples/cpp_minimal_subscriber" to ""
-- Up-to-date: /home/ardra/ros2_tut/install/ros2_fundementals_examples/share/ament_index/resource_index/package_run_dependencies/ros2_fundementals_examples
-- Installing: /home/ardra/ros2_tut/install/ros2_fundementals_examples/share/ament_index/resource_index/parent_prefix_path/ros2_fundementals_examples
-- Up-to-date: /home/ardra/ros2_tut/install/ros2_fundementals_examples/share/ros2_fundementals_examples/environment/ament_prefix_path.sh
-- Up-to-date: /home/ardra/ros2_tut/install/ros2_fundementals_examples/share/ros2_fundementals_examples/environment/ament_prefix_path.dsv
-- Up-to-date: /home/ardra/ros2_tut/install/ros2_fundementals_examples/share/ros2_fundementals_examples/environment/path.sh
-- Up-to-date: /home/ardra/ros2_tut/install/ros2_fundementals_examples/share/ros2_fundementals_examples/environment/path.dsv
-- Up-to-date: /home/ardra/ros2_tut/install/ros2_fundementals_examples/share/ros2_fundementals_examples/local_setup.bash
-- Up-to-date: /home/ardra/ros2_tut/install/ros2_fundementals_examples/share/ros2_fundementals_examples/local_setup.sh
-- Up-to-date: /home/ardra/ros2_tut/install/ros2_fundementals_examples/share/ros2_fundementals_examples/local_setup.zsh
-- Up-to-date: /home/ardra/ros2_tut/install/ros2_fundementals_examples/share/ros2_fundementals_examples/local_setup.dsv
-- Installing: /home/ardra/ros2_tut/install/ros2_fundementals_examples/share/ros2_fundementals_examples/package.dsv
-- Up-to-date: /home/ardra/ros2_tut/install/ros2_fundementals_examples/share/ament_index/resource_index/packages/ros2_fundementals_examples
-- Up-to-date: /home/ardra/ros2_tut/install/ros2_fundementals_examples/share/ros2_fundementals_examples/cmake/ament_cmake_export_include_directories-extras.cmake
-- Up-to-date: /home/ardra/ros2_tut/install/ros2_fundementals_examples/share/ros2_fundementals_examples/cmake/ros2_fundementals_examplesConfig.cmake
-- Up-to-date: /home/ardra/ros2_tut/install/ros2_fundementals_examples/share/ros2_fundementals_examples/cmake/ros2_fundementals_examplesConfig-version.cmake
-- Up-to-date: /home/ardra/ros2_tut/install/ros2_fundementals_examples/share/ros2_fundementals_examples/package.xml
