[0.009s] Invoking command in '/home/ardra/ros2_tut/build/ros2_fundementals': CMAKE_PREFIX_PATH=${CMAKE_PREFIX_PATH}:/home/ardra/magician_ros2_ws/install/dobot_visualization_tools:/home/ardra/magician_ros2_ws/install/dobot_state_updater:/home/ardra/magician_ros2_ws/install/dobot_motion:/home/ardra/magician_ros2_ws/install/dobot_kinematics:/home/ardra/magician_ros2_ws/install/dobot_homing:/home/ardra/magician_ros2_ws/install/dobot_end_effector:/home/ardra/magician_ros2_ws/install/dobot_diagnostics:/home/ardra/magician_ros2_ws/install/dobot_demos:/home/ardra/magician_ros2_ws/install/dobot_control_panel:/home/ardra/magician_ros2_ws/install/dobot_bringup:/opt/ros/jazzy DEBUGINFOD_URLS=https://debuginfod.ubuntu.com /usr/bin/cmake /home/ardra/ros2_tut/src/ros2_fundementals -DCMAKE_INSTALL_PREFIX=/home/ardra/ros2_tut/install/ros2_fundementals
[0.019s] -- Found ament_cmake: 2.5.6 (/opt/ros/jazzy/share/ament_cmake/cmake)
[0.171s] -- Found ament_lint_auto: 0.17.5 (/opt/ros/jazzy/share/ament_lint_auto/cmake)
[0.235s] -- Added test 'lint_cmake' to check CMake code style
[0.235s] -- Added test 'xmllint' to check XML markup files
[0.235s] -- Configuring done (0.2s)
[0.237s] -- Generating done (0.0s)
[0.238s] -- Build files have been written to: /home/ardra/ros2_tut/build/ros2_fundementals
[0.240s] Invoked command in '/home/ardra/ros2_tut/build/ros2_fundementals' returned '0': CMAKE_PREFIX_PATH=${CMAKE_PREFIX_PATH}:/home/ardra/magician_ros2_ws/install/dobot_visualization_tools:/home/ardra/magician_ros2_ws/install/dobot_state_updater:/home/ardra/magician_ros2_ws/install/dobot_motion:/home/ardra/magician_ros2_ws/install/dobot_kinematics:/home/ardra/magician_ros2_ws/install/dobot_homing:/home/ardra/magician_ros2_ws/install/dobot_end_effector:/home/ardra/magician_ros2_ws/install/dobot_diagnostics:/home/ardra/magician_ros2_ws/install/dobot_demos:/home/ardra/magician_ros2_ws/install/dobot_control_panel:/home/ardra/magician_ros2_ws/install/dobot_bringup:/opt/ros/jazzy DEBUGINFOD_URLS=https://debuginfod.ubuntu.com /usr/bin/cmake /home/ardra/ros2_tut/src/ros2_fundementals -DCMAKE_INSTALL_PREFIX=/home/ardra/ros2_tut/install/ros2_fundementals
[0.241s] Invoking command in '/home/ardra/ros2_tut/build/ros2_fundementals': CMAKE_PREFIX_PATH=${CMAKE_PREFIX_PATH}:/home/ardra/magician_ros2_ws/install/dobot_visualization_tools:/home/ardra/magician_ros2_ws/install/dobot_state_updater:/home/ardra/magician_ros2_ws/install/dobot_motion:/home/ardra/magician_ros2_ws/install/dobot_kinematics:/home/ardra/magician_ros2_ws/install/dobot_homing:/home/ardra/magician_ros2_ws/install/dobot_end_effector:/home/ardra/magician_ros2_ws/install/dobot_diagnostics:/home/ardra/magician_ros2_ws/install/dobot_demos:/home/ardra/magician_ros2_ws/install/dobot_control_panel:/home/ardra/magician_ros2_ws/install/dobot_bringup:/opt/ros/jazzy DEBUGINFOD_URLS=https://debuginfod.ubuntu.com /usr/bin/cmake --build /home/ardra/ros2_tut/build/ros2_fundementals -- -j16 -l16
[0.267s] Invoked command in '/home/ardra/ros2_tut/build/ros2_fundementals' returned '0': CMAKE_PREFIX_PATH=${CMAKE_PREFIX_PATH}:/home/ardra/magician_ros2_ws/install/dobot_visualization_tools:/home/ardra/magician_ros2_ws/install/dobot_state_updater:/home/ardra/magician_ros2_ws/install/dobot_motion:/home/ardra/magician_ros2_ws/install/dobot_kinematics:/home/ardra/magician_ros2_ws/install/dobot_homing:/home/ardra/magician_ros2_ws/install/dobot_end_effector:/home/ardra/magician_ros2_ws/install/dobot_diagnostics:/home/ardra/magician_ros2_ws/install/dobot_demos:/home/ardra/magician_ros2_ws/install/dobot_control_panel:/home/ardra/magician_ros2_ws/install/dobot_bringup:/opt/ros/jazzy DEBUGINFOD_URLS=https://debuginfod.ubuntu.com /usr/bin/cmake --build /home/ardra/ros2_tut/build/ros2_fundementals -- -j16 -l16
[0.273s] Invoking command in '/home/ardra/ros2_tut/build/ros2_fundementals': CMAKE_PREFIX_PATH=${CMAKE_PREFIX_PATH}:/home/ardra/magician_ros2_ws/install/dobot_visualization_tools:/home/ardra/magician_ros2_ws/install/dobot_state_updater:/home/ardra/magician_ros2_ws/install/dobot_motion:/home/ardra/magician_ros2_ws/install/dobot_kinematics:/home/ardra/magician_ros2_ws/install/dobot_homing:/home/ardra/magician_ros2_ws/install/dobot_end_effector:/home/ardra/magician_ros2_ws/install/dobot_diagnostics:/home/ardra/magician_ros2_ws/install/dobot_demos:/home/ardra/magician_ros2_ws/install/dobot_control_panel:/home/ardra/magician_ros2_ws/install/dobot_bringup:/opt/ros/jazzy DEBUGINFOD_URLS=https://debuginfod.ubuntu.com /usr/bin/cmake --install /home/ardra/ros2_tut/build/ros2_fundementals
[0.277s] -- Install configuration: ""
[0.278s] -- Up-to-date: /home/ardra/ros2_tut/install/ros2_fundementals/share/ament_index/resource_index/package_run_dependencies/ros2_fundementals
[0.278s] -- Up-to-date: /home/ardra/ros2_tut/install/ros2_fundementals/share/ament_index/resource_index/parent_prefix_path/ros2_fundementals
[0.278s] -- Up-to-date: /home/ardra/ros2_tut/install/ros2_fundementals/share/ros2_fundementals/environment/ament_prefix_path.sh
[0.278s] -- Up-to-date: /home/ardra/ros2_tut/install/ros2_fundementals/share/ros2_fundementals/environment/ament_prefix_path.dsv
[0.278s] -- Up-to-date: /home/ardra/ros2_tut/install/ros2_fundementals/share/ros2_fundementals/environment/path.sh
[0.278s] -- Up-to-date: /home/ardra/ros2_tut/install/ros2_fundementals/share/ros2_fundementals/environment/path.dsv
[0.278s] -- Up-to-date: /home/ardra/ros2_tut/install/ros2_fundementals/share/ros2_fundementals/local_setup.bash
[0.278s] -- Up-to-date: /home/ardra/ros2_tut/install/ros2_fundementals/share/ros2_fundementals/local_setup.sh
[0.278s] -- Up-to-date: /home/ardra/ros2_tut/install/ros2_fundementals/share/ros2_fundementals/local_setup.zsh
[0.278s] -- Up-to-date: /home/ardra/ros2_tut/install/ros2_fundementals/share/ros2_fundementals/local_setup.dsv
[0.278s] -- Installing: /home/ardra/ros2_tut/install/ros2_fundementals/share/ros2_fundementals/package.dsv
[0.278s] -- Up-to-date: /home/ardra/ros2_tut/install/ros2_fundementals/share/ament_index/resource_index/packages/ros2_fundementals
[0.278s] -- Up-to-date: /home/ardra/ros2_tut/install/ros2_fundementals/share/ros2_fundementals/cmake/ros2_fundementalsConfig.cmake
[0.278s] -- Up-to-date: /home/ardra/ros2_tut/install/ros2_fundementals/share/ros2_fundementals/cmake/ros2_fundementalsConfig-version.cmake
[0.278s] -- Up-to-date: /home/ardra/ros2_tut/install/ros2_fundementals/share/ros2_fundementals/package.xml
[0.279s] Invoked command in '/home/ardra/ros2_tut/build/ros2_fundementals' returned '0': CMAKE_PREFIX_PATH=${CMAKE_PREFIX_PATH}:/home/ardra/magician_ros2_ws/install/dobot_visualization_tools:/home/ardra/magician_ros2_ws/install/dobot_state_updater:/home/ardra/magician_ros2_ws/install/dobot_motion:/home/ardra/magician_ros2_ws/install/dobot_kinematics:/home/ardra/magician_ros2_ws/install/dobot_homing:/home/ardra/magician_ros2_ws/install/dobot_end_effector:/home/ardra/magician_ros2_ws/install/dobot_diagnostics:/home/ardra/magician_ros2_ws/install/dobot_demos:/home/ardra/magician_ros2_ws/install/dobot_control_panel:/home/ardra/magician_ros2_ws/install/dobot_bringup:/opt/ros/jazzy DEBUGINFOD_URLS=https://debuginfod.ubuntu.com /usr/bin/cmake --install /home/ardra/ros2_tut/build/ros2_fundementals
